Component: ARM Compiler 5.06 update 4 (build 422) Tool: armlink [4d35d2]

==============================================================================

Section Cross References

    startup_stm32f103xe.o(STACK) refers (Special) to heapauxi.o(.text) for __use_two_region_memory
    startup_stm32f103xe.o(HEAP) refers (Special) to heapauxi.o(.text) for __use_two_region_memory
    startup_stm32f103xe.o(RESET) refers (Special) to heapauxi.o(.text) for __use_two_region_memory
    startup_stm32f103xe.o(RESET) refers to startup_stm32f103xe.o(STACK) for __initial_sp
    startup_stm32f103xe.o(RESET) refers to startup_stm32f103xe.o(.text) for Reset_Handler
    startup_stm32f103xe.o(RESET) refers to stm32f1xx_it.o(i.NMI_Handler) for NMI_Handler
    startup_stm32f103xe.o(RESET) refers to stm32f1xx_it.o(i.HardFault_Handler) for HardFault_Handler
    startup_stm32f103xe.o(RESET) refers to stm32f1xx_it.o(i.MemManage_Handler) for MemManage_Handler
    startup_stm32f103xe.o(RESET) refers to stm32f1xx_it.o(i.BusFault_Handler) for BusFault_Handler
    startup_stm32f103xe.o(RESET) refers to stm32f1xx_it.o(i.UsageFault_Handler) for UsageFault_Handler
    startup_stm32f103xe.o(RESET) refers to stm32f1xx_it.o(i.SVC_Handler) for SVC_Handler
    startup_stm32f103xe.o(RESET) refers to stm32f1xx_it.o(i.DebugMon_Handler) for DebugMon_Handler
    startup_stm32f103xe.o(RESET) refers to stm32f1xx_it.o(i.PendSV_Handler) for PendSV_Handler
    startup_stm32f103xe.o(RESET) refers to stm32f1xx_it.o(i.SysTick_Handler) for SysTick_Handler
    startup_stm32f103xe.o(RESET) refers to stm32f1xx_it.o(i.ADC1_2_IRQHandler) for ADC1_2_IRQHandler
    startup_stm32f103xe.o(.text) refers (Special) to heapauxi.o(.text) for __use_two_region_memory
    startup_stm32f103xe.o(.text) refers to system_stm32f1xx.o(i.SystemInit) for SystemInit
    startup_stm32f103xe.o(.text) refers to __main.o(!!!main) for __main
    startup_stm32f103xe.o(.text) refers to startup_stm32f103xe.o(HEAP) for Heap_Mem
    startup_stm32f103xe.o(.text) refers to startup_stm32f103xe.o(STACK) for Stack_Mem
    lcd.o(i.LCD_Clear) refers to lcd.o(i.LCD_SetCursor) for LCD_SetCursor
    lcd.o(i.LCD_Clear) refers to lcd.o(i.LCD_WriteRAM_Prepare) for LCD_WriteRAM_Prepare
    lcd.o(i.LCD_Clear) refers to lcd.o(.bss) for .bss
    lcd.o(i.LCD_Color_Fill) refers to lcd.o(i.LCD_SetCursor) for LCD_SetCursor
    lcd.o(i.LCD_Color_Fill) refers to lcd.o(i.LCD_WriteRAM_Prepare) for LCD_WriteRAM_Prepare
    lcd.o(i.LCD_DisplayOff) refers to lcd.o(i.LCD_WR_REG) for LCD_WR_REG
    lcd.o(i.LCD_DisplayOff) refers to lcd.o(.bss) for .bss
    lcd.o(i.LCD_DisplayOn) refers to lcd.o(i.LCD_WR_REG) for LCD_WR_REG
    lcd.o(i.LCD_DisplayOn) refers to lcd.o(.bss) for .bss
    lcd.o(i.LCD_Display_Dir) refers to lcd.o(i.LCD_Scan_Dir) for LCD_Scan_Dir
    lcd.o(i.LCD_Display_Dir) refers to lcd.o(.bss) for .bss
    lcd.o(i.LCD_DrawLine) refers to lcd.o(i.LCD_DrawPoint) for LCD_DrawPoint
    lcd.o(i.LCD_DrawPoint) refers to lcd.o(i.LCD_SetCursor) for LCD_SetCursor
    lcd.o(i.LCD_DrawPoint) refers to lcd.o(i.LCD_WriteRAM_Prepare) for LCD_WriteRAM_Prepare
    lcd.o(i.LCD_DrawPoint) refers to lcd.o(.data) for .data
    lcd.o(i.LCD_DrawRectangle) refers to lcd.o(i.LCD_DrawLine) for LCD_DrawLine
    lcd.o(i.LCD_Draw_Circle) refers to lcd.o(i.LCD_DrawPoint) for LCD_DrawPoint
    lcd.o(i.LCD_Fast_DrawPoint) refers to lcd.o(i.LCD_WR_REG) for LCD_WR_REG
    lcd.o(i.LCD_Fast_DrawPoint) refers to lcd.o(i.LCD_WR_DATA) for LCD_WR_DATA
    lcd.o(i.LCD_Fast_DrawPoint) refers to lcd.o(.bss) for .bss
    lcd.o(i.LCD_Fill) refers to lcd.o(i.LCD_SetCursor) for LCD_SetCursor
    lcd.o(i.LCD_Fill) refers to lcd.o(i.LCD_WriteRAM_Prepare) for LCD_WriteRAM_Prepare
    lcd.o(i.LCD_Init) refers to stm32f1xx_hal.o(i.HAL_Delay) for HAL_Delay
    lcd.o(i.LCD_Init) refers to lcd.o(i.LCD_WR_REG) for LCD_WR_REG
    lcd.o(i.LCD_Init) refers to lcd.o(i.LCD_RD_DATA) for LCD_RD_DATA
    lcd.o(i.LCD_Init) refers to lcd.o(i.LCD_WriteReg) for LCD_WriteReg
    lcd.o(i.LCD_Init) refers to lcd.o(i.LCD_WR_DATA) for LCD_WR_DATA
    lcd.o(i.LCD_Init) refers to lcd.o(.bss) for .bss
    lcd.o(i.LCD_Init) refers to lcd.o(i.LCD_SSD_BackLightSet) for LCD_SSD_BackLightSet
    lcd.o(i.LCD_Init) refers to lcd.o(i.LCD_Display_Dir) for LCD_Display_Dir
    lcd.o(i.LCD_Init) refers to stm32f1xx_hal_gpio.o(i.HAL_GPIO_WritePin) for HAL_GPIO_WritePin
    lcd.o(i.LCD_Init) refers to lcd.o(i.LCD_Clear) for LCD_Clear
    lcd.o(i.LCD_ReadPoint) refers to lcd.o(i.LCD_SetCursor) for LCD_SetCursor
    lcd.o(i.LCD_ReadPoint) refers to lcd.o(i.LCD_WR_REG) for LCD_WR_REG
    lcd.o(i.LCD_ReadPoint) refers to lcd.o(i.LCD_RD_DATA) for LCD_RD_DATA
    lcd.o(i.LCD_ReadPoint) refers to lcd.o(.bss) for .bss
    lcd.o(i.LCD_ReadReg) refers to lcd.o(i.LCD_WR_REG) for LCD_WR_REG
    lcd.o(i.LCD_ReadReg) refers to stm32f1xx_hal.o(i.HAL_Delay) for HAL_Delay
    lcd.o(i.LCD_ReadReg) refers to lcd.o(i.LCD_RD_DATA) for LCD_RD_DATA
[...]
    .ARM.Collect$$libinit$$00000030          0x080001cc   Section        0  libinit2.o(.ARM.Collect$$libinit$$00000030)
    .ARM.Collect$$libinit$$00000032          0x080001cc   Section        0  libinit2.o(.ARM.Collect$$libinit$$00000032)
    .ARM.Collect$$libinit$$00000033          0x080001cc   Section        2  libinit2.o(.ARM.Collect$$libinit$$00000033)
    .ARM.Collect$$libshutdown$$00000000      0x080001ce   Section        2  libshutdown.o(.ARM.Collect$$libshutdown$$00000000)
    .ARM.Collect$$libshutdown$$00000002      0x080001d0   Section        0  libshutdown2.o(.ARM.Collect$$libshutdown$$00000002)
    .ARM.Collect$$libshutdown$$00000004      0x080001d0   Section        0  libshutdown2.o(.ARM.Collect$$libshutdown$$00000004)
    .ARM.Collect$$libshutdown$$00000007      0x080001d0   Section        0  libshutdown2.o(.ARM.Collect$$libshutdown$$00000007)
    .ARM.Collect$$libshutdown$$0000000A      0x080001d0   Section        0  libshutdown2.o(.ARM.Collect$$libshutdown$$0000000A)
    .ARM.Collect$$libshutdown$$0000000C      0x080001d0   Section        0  libshutdown2.o(.ARM.Collect$$libshutdown$$0000000C)
    .ARM.Collect$$libshutdown$$0000000F      0x080001d0   Section        0  libshutdown2.o(.ARM.Collect$$libshutdown$$0000000F)
    .ARM.Collect$$libshutdown$$00000010      0x080001d0   Section        2  libshutdown2.o(.ARM.Collect$$libshutdown$$00000010)
    .ARM.Collect$$rtentry$$00000000          0x080001d2   Section        0  __rtentry.o(.ARM.Collect$$rtentry$$00000000)
    .ARM.Collect$$rtentry$$00000002          0x080001d2   Section        0  __rtentry2.o(.ARM.Collect$$rtentry$$00000002)
    .ARM.Collect$$rtentry$$00000004          0x080001d2   Section        6  __rtentry4.o(.ARM.Collect$$rtentry$$00000004)
    .ARM.Collect$$rtentry$$00000009          0x080001d8   Section        0  __rtentry2.o(.ARM.Collect$$rtentry$$00000009)
    .ARM.Collect$$rtentry$$0000000A          0x080001d8   Section        4  __rtentry2.o(.ARM.Collect$$rtentry$$0000000A)
    .ARM.Collect$$rtentry$$0000000C          0x080001dc   Section        0  __rtentry2.o(.ARM.Collect$$rtentry$$0000000C)
    .ARM.Collect$$rtentry$$0000000D          0x080001dc   Section        8  __rtentry2.o(.ARM.Collect$$rtentry$$0000000D)
    .ARM.Collect$$rtexit$$00000000           0x080001e4   Section        2  rtexit.o(.ARM.Collect$$rtexit$$00000000)
    .ARM.Collect$$rtexit$$00000002           0x080001e6   Section        0  rtexit2.o(.ARM.Collect$$rtexit$$00000002)
    .ARM.Collect$$rtexit$$00000003           0x080001e6   Section        4  rtexit2.o(.ARM.Collect$$rtexit$$00000003)
    .ARM.Collect$$rtexit$$00000004           0x080001ea   Section        6  rtexit2.o(.ARM.Collect$$rtexit$$00000004)
    .text                                    0x080001f0   Section       64  startup_stm32f103xe.o(.text)
    .text                                    0x08000230   Section        0  noretval__2sprintf.o(.text)
    .text                                    0x08000258   Section        0  _printf_pad.o(.text)
    .text                                    0x080002a6   Section        0  _printf_str.o(.text)
    .text                                    0x080002f8   Section        0  _printf_dec.o(.text)
    .text                                    0x08000370   Section        0  __printf_ss_wp.o(.text)
    .text                                    0x080004d0   Section       78  rt_memclr_w.o(.text)
    .text                                    0x0800051e   Section        0  heapauxi.o(.text)
    .text                                    0x08000524   Section        0  _printf_intcommon.o(.text)
    .text                                    0x080005d6   Section        0  _printf_fp_dec.o(.text)
    _fp_digits                               0x080005d9   Thumb Code   428  _printf_fp_dec.o(.text)
    .text                                    0x080009f0   Section        0  _printf_char_common.o(.text)
    _printf_input_char                       0x080009f1   Thumb Code    10  _printf_char_common.o(.text)
    .text                                    0x08000a20   Section        0  _sputc.o(.text)
    .text                                    0x08000a2a   Section        0  _printf_char.o(.text)
    .text                                    0x08000a58   Section        8  rt_locale_intlibspace.o(.text)
    .text                                    0x08000a60   Section      138  lludiv10.o(.text)
    .text                                    0x08000aec   Section        0  _printf_fp_infnan.o(.text)
    .text                                    0x08000b6c   Section        0  bigflt0.o(.text)
    .text                                    0x08000c48   Section        8  libspace.o(.text)
    .text                                    0x08000c50   Section       74  sys_stackheap_outer.o(.text)
    .text                                    0x08000c9a   Section        0  exit.o(.text)
    .text                                    0x08000cac   Section      128  strcmpv7m.o(.text)
    .text                                    0x08000d2c   Section        0  sys_exit.o(.text)
    .text                                    0x08000d38   Section        2  use_no_semi.o(.text)
    .text                                    0x08000d3a   Section        0  indicate_semi.o(.text)
    CL$$btod_d2e                             0x08000d3a   Section       62  btod.o(CL$$btod_d2e)
    CL$$btod_d2e_denorm_low                  0x08000d78   Section       70  btod.o(CL$$btod_d2e_denorm_low)
    CL$$btod_d2e_norm_op1                    0x08000dbe   Section       96  btod.o(CL$$btod_d2e_norm_op1)
    CL$$btod_div_common                      0x08000e1e   Section      824  btod.o(CL$$btod_div_common)
    CL$$btod_e2e                             0x08001156   Section      198  btod.o(CL$$btod_e2e)
    CL$$btod_ediv                            0x0800121c   Section       40  btod.o(CL$$btod_ediv)
    CL$$btod_emul                            0x08001244   Section       40  btod.o(CL$$btod_emul)
    CL$$btod_mult_common                     0x0800126c   Section      580  btod.o(CL$$btod_mult_common)
    i.ADC1_2_IRQHandler                      0x080014b0   Section        0  stm32f1xx_it.o(i.ADC1_2_IRQHandler)
    i.ADC_ConversionStop_Disable             0x080014cc   Section        0  stm32f1xx_hal_adc.o(i.ADC_ConversionStop_Disable)
    i.ADC_Enable                             0x08001524   Section        0  stm32f1xx_hal_adc.o(i.ADC_Enable)
    i.BusFault_Handler                       0x080015a0   Section        0  stm32f1xx_it.o(i.BusFault_Handler)
    i.DHT11_Check                            0x080015a4   Section        0  dht11.o(i.DHT11_Check)
    i.DHT11_IN                               0x080015fc   Section        0  dht11.o(i.DHT11_IN)
    i.DHT11_OUT                              0x08001618   Section        0  dht11.o(i.DHT11_OUT)
    i.DHT11_Read_Bit                         0x08001638   Section        0  dht11.o(i.DHT11_Read_Bit)
    i.DHT11_Read_Byte                        0x08001690   Section        0  dht11.o(i.DHT11_Read_Byte)
    i.DHT11_Read_Data                        0x080016ac   Section        0  dht11.o(i.DHT11_Read_Data)
    i.DHT11_Start                            0x0800170c   Section        0  dht11.o(i.DHT11_Start)
    i.DebugMon_Handler                       0x0800173c   Section        0  stm32f1xx_it.o(i.DebugMon_Handler)
    i.Error_Handler                          0x0800173e   Section        0  main.o(i.Error_Handler)
    i.FSMC_NORSRAM_Extended_Timing_Init      0x08001744   Section        0  stm32f1xx_ll_fsmc.o(i.FSMC_NORSRAM_Extended_Timing_Init)
    i.FSMC_NORSRAM_Init                      0x08001780   Section        0  stm32f1xx_ll_fsmc.o(i.FSMC_NORSRAM_Init)
    i.FSMC_NORSRAM_Timing_Init               0x080017e8   Section        0  stm32f1xx_ll_fsmc.o(i.FSMC_NORSRAM_Timing_Init)
    i.HAL_ADCEx_InjectedConvCpltCallback     0x0800182c   Section        0  stm32f1xx_hal_adc_ex.o(i.HAL_ADCEx_InjectedConvCpltCallback)
    i.HAL_ADC_ConfigChannel                  0x08001830   Section        0  stm32f1xx_hal_adc.o(i.HAL_ADC_ConfigChannel)
    i.HAL_ADC_ConvCpltCallback               0x0800192c   Section        0  stm32f1xx_hal_adc.o(i.HAL_ADC_ConvCpltCallback)
    i.HAL_ADC_GetValue                       0x0800192e   Section        0  stm32f1xx_hal_adc.o(i.HAL_ADC_GetValue)
    i.HAL_ADC_IRQHandler                     0x08001934   Section        0  stm32f1xx_hal_adc.o(i.HAL_ADC_IRQHandler)
    i.HAL_ADC_Init                           0x08001a10   Section        0  stm32f1xx_hal_adc.o(i.HAL_ADC_Init)
    i.HAL_ADC_LevelOutOfWindowCallback       0x08001b30   Section        0  stm32f1xx_hal_adc.o(i.HAL_ADC_LevelOutOfWindowCallback)
    i.HAL_ADC_MspInit                        0x08001b34   Section        0  adc.o(i.HAL_ADC_MspInit)
    i.HAL_ADC_PollForConversion              0x08001bcc   Section        0  stm32f1xx_hal_adc.o(i.HAL_ADC_PollForConversion)
    i.HAL_ADC_Start                          0x08001d08   Section        0  stm32f1xx_hal_adc.o(i.HAL_ADC_Start)
    i.HAL_Delay                              0x08001dc8   Section        0  stm32f1xx_hal.o(i.HAL_Delay)
    i.HAL_FSMC_MspInit                       0x08001dec   Section        0  fsmc.o(i.HAL_FSMC_MspInit)
    HAL_FSMC_MspInit                         0x08001ded   Thumb Code   106  fsmc.o(i.HAL_FSMC_MspInit)
    i.HAL_GPIO_Init                          0x08001e6c   Section        0  stm32f1xx_hal_gpio.o(i.HAL_GPIO_Init)
    i.HAL_GPIO_ReadPin                       0x08002064   Section        0  stm32f1xx_hal_gpio.o(i.HAL_GPIO_ReadPin)
    i.HAL_GPIO_WritePin                      0x0800206e   Section        0  stm32f1xx_hal_gpio.o(i.HAL_GPIO_WritePin)
    i.HAL_GetTick                            0x08002078   Section        0  stm32f1xx_hal.o(i.HAL_GetTick)
    i.HAL_IncTick                            0x08002084   Section        0  stm32f1xx_hal.o(i.HAL_IncTick)
    i.HAL_Init                               0x08002094   Section        0  stm32f1xx_hal.o(i.HAL_Init)
    i.HAL_InitTick                           0x080020b8   Section        0  stm32f1xx_hal.o(i.HAL_InitTick)
    i.HAL_MspInit                            0x080020f8   Section        0  stm32f1xx_hal_msp.o(i.HAL_MspInit)
    i.HAL_NVIC_EnableIRQ                     0x08002134   Section        0  stm32f1xx_hal_cortex.o(i.HAL_NVIC_EnableIRQ)
    i.HAL_NVIC_SetPriority                   0x08002150   Section        0  stm32f1xx_hal_cortex.o(i.HAL_NVIC_SetPriority)
    i.HAL_NVIC_SetPriorityGrouping           0x08002190   Section        0  stm32f1xx_hal_cortex.o(i.HAL_NVIC_SetPriorityGrouping)
    i.HAL_RCCEx_GetPeriphCLKFreq             0x080021b4   Section        0  stm32f1xx_hal_rcc_ex.o(i.HAL_RCCEx_GetPeriphCLKFreq)
    i.HAL_RCCEx_PeriphCLKConfig              0x0800226c   Section        0  stm32f1xx_hal_rcc_ex.o(i.HAL_RCCEx_PeriphCLKConfig)
    i.HAL_RCC_ClockConfig                    0x08002358   Section        0  stm32f1xx_hal_rcc.o(i.HAL_RCC_ClockConfig)
    i.HAL_RCC_GetPCLK2Freq                   0x08002484   Section        0  stm32f1xx_hal_rcc.o(i.HAL_RCC_GetPCLK2Freq)
    i.HAL_RCC_GetSysClockFreq                0x080024a4   Section        0  stm32f1xx_hal_rcc.o(i.HAL_RCC_GetSysClockFreq)
    i.HAL_RCC_OscConfig                      0x080024f0   Section        0  stm32f1xx_hal_rcc.o(i.HAL_RCC_OscConfig)
    i.HAL_SRAM_Init                          0x08002810   Section        0  stm32f1xx_hal_sram.o(i.HAL_SRAM_Init)
    i.HAL_SRAM_MspInit                       0x08002874   Section        0  fsmc.o(i.HAL_SRAM_MspInit)
    i.HAL_SYSTICK_Config                     0x08002878   Section        0  stm32f1xx_hal_cortex.o(i.HAL_SYSTICK_Config)
    i.HAL_TIMEx_MasterConfigSynchronization  0x080028a0   Section        0  stm32f1xx_hal_tim_ex.o(i.HAL_TIMEx_MasterConfigSynchronization)
    i.HAL_TIM_Base_Init                      0x0800291c   Section        0  stm32f1xx_hal_tim.o(i.HAL_TIM_Base_Init)
    i.HAL_TIM_Base_MspInit                   0x08002978   Section        0  tim.o(i.HAL_TIM_Base_MspInit)
    i.HAL_TIM_Base_Start                     0x080029a0   Section        0  stm32f1xx_hal_tim.o(i.HAL_TIM_Base_Start)
    i.HAL_TIM_Base_Stop                      0x08002a04   Section        0  stm32f1xx_hal_tim.o(i.HAL_TIM_Base_Stop)
    i.HAL_TIM_ConfigClockSource              0x08002a2a   Section        0  stm32f1xx_hal_tim.o(i.HAL_TIM_ConfigClockSource)
    i.HardFault_Handler                      0x08002b06   Section        0  stm32f1xx_it.o(i.HardFault_Handler)
    i.Illumination_Get_Date                  0x08002b08   Section        0  illumination.o(i.Illumination_Get_Date)
    i.KEY_Scan                               0x08002b2c   Section        0  key.o(i.KEY_Scan)
    i.LCD_Clear                              0x08002bd0   Section        0  lcd.o(i.LCD_Clear)
    i.LCD_Display_Dir                        0x08002c00   Section        0  lcd.o(i.LCD_Display_Dir)
    i.LCD_Fast_DrawPoint                     0x08002cb8   Section        0  lcd.o(i.LCD_Fast_DrawPoint)
    i.LCD_Fill                               0x08002d88   Section        0  lcd.o(i.LCD_Fill)
    i.LCD_Init                               0x08002dd0   Section        0  lcd.o(i.LCD_Init)
    i.LCD_RD_DATA                            0x08005288   Section        0  lcd.o(i.LCD_RD_DATA)
    i.LCD_SSD_BackLightSet                   0x0800529c   Section        0  lcd.o(i.LCD_SSD_BackLightSet)
    i.LCD_Scan_Dir                           0x080052e8   Section        0  lcd.o(i.LCD_Scan_Dir)
    i.LCD_SetCursor                          0x08005468   Section        0  lcd.o(i.LCD_SetCursor)
    i.LCD_ShowChar                           0x0800555c   Section        0  lcd.o(i.LCD_ShowChar)
    i.LCD_ShowString                         0x08005630   Section        0  lcd.o(i.LCD_ShowString)
    i.LCD_WR_DATA                            0x08005684   Section        0  lcd.o(i.LCD_WR_DATA)
    i.LCD_WR_REG                             0x0800569c   Section        0  lcd.o(i.LCD_WR_REG)
    i.LCD_WriteRAM_Prepare                   0x080056b4   Section        0  lcd.o(i.LCD_WriteRAM_Prepare)
    i.LCD_WriteReg                           0x080056c8   Section        0  lcd.o(i.LCD_WriteReg)
    i.MX_ADC1_Init                           0x080056d8   Section        0  adc.o(i.MX_ADC1_Init)
    i.MX_ADC2_Init                           0x08005724   Section        0  adc.o(i.MX_ADC2_Init)
    i.MX_FSMC_Init                           0x08005774   Section        0  fsmc.o(i.MX_FSMC_Init)
    i.MX_GPIO_Init                           0x08005808   Section        0  gpio.o(i.MX_GPIO_Init)
    i.MX_TIM3_Init                           0x08005900   Section        0  tim.o(i.MX_TIM3_Init)
    i.MemManage_Handler                      0x08005968   Section        0  stm32f1xx_it.o(i.MemManage_Handler)
    i.NMI_Handler                            0x0800596a   Section        0  stm32f1xx_it.o(i.NMI_Handler)
    i.PendSV_Handler                         0x0800596c   Section        0  stm32f1xx_it.o(i.PendSV_Handler)
    i.SVC_Handler                            0x0800596e   Section        0  stm32f1xx_it.o(i.SVC_Handler)
    i.Soil_Get_Data                          0x08005970   Section        0  soil_moisture.o(i.Soil_Get_Data)
    i.SysTick_Handler                        0x08005998   Section        0  stm32f1xx_it.o(i.SysTick_Handler)
    i.SystemClock_Config                     0x0800599c   Section        0  main.o(i.SystemClock_Config)
    i.SystemInit                             0x08005a16   Section        0  system_stm32f1xx.o(i.SystemInit)
    i.TIM_Base_SetConfig                     0x08005a18   Section        0  stm32f1xx_hal_tim.o(i.TIM_Base_SetConfig)
    i.TIM_ETR_SetConfig                      0x08005aa4   Section        0  stm32f1xx_hal_tim.o(i.TIM_ETR_SetConfig)
    i.TIM_ITRx_SetConfig                     0x08005ab8   Section        0  stm32f1xx_hal_tim.o(i.TIM_ITRx_SetConfig)
    TIM_ITRx_SetConfig                       0x08005ab9   Thumb Code    16  stm32f1xx_hal_tim.o(i.TIM_ITRx_SetConfig)
    i.TIM_TI1_ConfigInputStage               0x08005ac8   Section        0  stm32f1xx_hal_tim.o(i.TIM_TI1_ConfigInputStage)
    TIM_TI1_ConfigInputStage                 0x08005ac9   Thumb Code    34  stm32f1xx_hal_tim.o(i.TIM_TI1_ConfigInputStage)
    i.TIM_TI2_ConfigInputStage               0x08005aea   Section        0  stm32f1xx_hal_tim.o(i.TIM_TI2_ConfigInputStage)
    TIM_TI2_ConfigInputStage                 0x08005aeb   Thumb Code    36  stm32f1xx_hal_tim.o(i.TIM_TI2_ConfigInputStage)
    i.UsageFault_Handler                     0x08005b0e   Section        0  stm32f1xx_it.o(i.UsageFault_Handler)
    i.__ARM_fpclassify                       0x08005b10   Section        0  fpclassify.o(i.__ARM_fpclassify)
    i.__NVIC_SetPriority                     0x08005b38   Section        0  stm32f1xx_hal_cortex.o(i.__NVIC_SetPriority)
    __NVIC_SetPriority                       0x08005b39   Thumb Code    32  stm32f1xx_hal_cortex.o(i.__NVIC_SetPriority)
    i._is_digit                              0x08005b58   Section        0  __printf_wp.o(i._is_digit)
    i.check_BEEP                             0x08005b68   Section        0  start.o(i.check_BEEP)
    i.delay_us                               0x08005cec   Section        0  dht11.o(i.delay_us)
    i.get_light                              0x08005d14   Section        0  get_data.o(i.get_light)
    i.get_soil                               0x08005d58   Section        0  get_data.o(i.get_soil)
    i.get_temp_humi                          0x08005dc8   Section        0  get_data.o(i.get_temp_humi)
    i.init                                   0x08005de8   Section        0  start.o(i.init)
    i.main                                   0x08005e1c   Section        0  main.o(i.main)
    i.start                                  0x08005e44   Section        0  start.o(i.start)
    i.update_data_status                     0x08005fa0   Section        0  update.o(i.update_data_status)
    i.update_data_threshold                  0x08005fc4   Section        0  update.o(i.update_data_threshold)
    i.update_status                          0x0800606c   Section        0  update.o(i.update_status)
    i.update_threshold                       0x080060a2   Section        0  update.o(i.update_threshold)
    i.window_main_menu                       0x08006140   Section        0  window.o(i.window_main_menu)
    i.window_update_menu                     0x080064e4   Section        0  window.o(i.window_update_menu)
    locale$$code                             0x08006888   Section       44  lc_numeric_c.o(locale$$code)
    x$fpl$dadd                               0x080068b4   Section      336  daddsub_clz.o(x$fpl$dadd)
    _dadd1                                   0x080068c5   Thumb Code     0  daddsub_clz.o(x$fpl$dadd)
    x$fpl$dcmpinf                            0x08006a04   Section       24  dcmpi.o(x$fpl$dcmpinf)
    x$fpl$ddiv                               0x08006a1c   Section      688  ddiv.o(x$fpl$ddiv)
    ddiv_entry                               0x08006a23   Thumb Code     0  ddiv.o(x$fpl$ddiv)
    x$fpl$dfixu                              0x08006ccc   Section       90  dfixu.o(x$fpl$dfixu)
    x$fpl$dfltu                              0x08006d26   Section       38  dflt_clz.o(x$fpl$dfltu)
    x$fpl$dleqf                              0x08006d4c   Section      120  dleqf.o(x$fpl$dleqf)
    x$fpl$dmul                               0x08006dc4   Section      340  dmul.o(x$fpl$dmul)
    x$fpl$dnaninf                            0x08006f18   Section      156  dnaninf.o(x$fpl$dnaninf)
    x$fpl$dretinf                            0x08006fb4   Section       12  dretinf.o(x$fpl$dretinf)
    x$fpl$drleqf                             0x08006fc0   Section      108  drleqf.o(x$fpl$drleqf)
    x$fpl$drsb                               0x0800702c   Section       22  daddsub_clz.o(x$fpl$drsb)
    x$fpl$dsub                               0x08007044   Section      468  daddsub_clz.o(x$fpl$dsub)
    _dsub1                                   0x08007055   Thumb Code     0  daddsub_clz.o(x$fpl$dsub)
    x$fpl$printf1                            0x08007218   Section        4  printf1.o(x$fpl$printf1)
    .constdata                               0x0800721c   Section     6080  lcd.o(.constdata)
    x$fpl$usenofp                            0x0800721c   Section        0  usenofp.o(x$fpl$usenofp)
    .constdata                               0x080089dc   Section       18  stm32f1xx_hal_rcc.o(.constdata)
    aPredivFactorTable                       0x080089dc   Data           2  stm32f1xx_hal_rcc.o(.constdata)
    aPLLMULFactorTable                       0x080089de   Data          16  stm32f1xx_hal_rcc.o(.constdata)
    .constdata                               0x080089ee   Section       18  stm32f1xx_hal_rcc_ex.o(.constdata)
    aPredivFactorTable                       0x080089ee   Data           2  stm32f1xx_hal_rcc_ex.o(.constdata)
    aPLLMULFactorTable                       0x080089f0   Data          16  stm32f1xx_hal_rcc_ex.o(.constdata)
    .constdata                               0x08008a00   Section       16  system_stm32f1xx.o(.constdata)
    .constdata                               0x08008a10   Section        8  system_stm32f1xx.o(.constdata)
    .constdata                               0x08008a18   Section      148  bigflt0.o(.constdata)
    tenpwrs_x                                0x08008a18   Data          60  bigflt0.o(.constdata)
    tenpwrs_i                                0x08008a54   Data          64  bigflt0.o(.constdata)
    locale$$data                             0x08008acc   Section       28  lc_numeric_c.o(locale$$data)
    __lcnum_c_name                           0x08008ad0   Data           2  lc_numeric_c.o(locale$$data)
    __lcnum_c_start                          0x08008ad8   Data           0  lc_numeric_c.o(locale$$data)
    __lcnum_c_point                          0x08008ae4   Data           0  lc_numeric_c.o(locale$$data)
    __lcnum_c_thousands                      0x08008ae6   Data           0  lc_numeric_c.o(locale$$data)
    __lcnum_c_grouping                       0x08008ae7   Data           0  lc_numeric_c.o(locale$$data)
    __lcnum_c_end                            0x08008ae8   Data           0  lc_numeric_c.o(locale$$data)
    .data                                    0x20000000   Section        8  lcd.o(.data)
    .data                                    0x20000008   Section        1  key.o(.data)
    key_up                                   0x20000008   Data           1  key.o(.data)
    .data                                    0x2000000c   Section       24  start.o(.data)
    .data                                    0x20000024   Section        8  fsmc.o(.data)
    FSMC_Initialized                         0x20000024   Data           4  fsmc.o(.data)
    FSMC_DeInitialized                       0x20000028   Data           4  fsmc.o(.data)
    .data                                    0x2000002c   Section       12  stm32f1xx_hal.o(.data)
    .data                                    0x20000038   Section        4  system_stm32f1xx.o(.data)
    .bss                                     0x2000003c   Section       14  lcd.o(.bss)
    .bss                                     0x2000004c   Section       32  start.o(.bss)
    .bss                                     0x2000006c   Section       96  adc.o(.bss)
    .bss                                     0x200000cc   Section       72  fsmc.o(.bss)
    .bss                                     0x20000114   Section       72  tim.o(.bss)
    .bss                                     0x2000015c   Section       96  libspace.o(.bss)
    HEAP                                     0x200001c0   Section      512  startup_stm32f103xe.o(HEAP)
    Heap_Mem                                 0x200001c0   Data         512  startup_stm32f103xe.o(HEAP)
    STACK                                    0x200003c0   Section     1024  startup_stm32f103xe.o(STACK)
    Stack_Mem                                0x200003c0   Data        1024  startup_stm32f103xe.o(STACK)
    __initial_sp                             0x200007c0   Data           0  startup_stm32f103xe.o(STACK)

    Global Symbols

    Symbol Name                              Value     Ov Type        Size  Object(Section)

    BuildAttributes$$THM_ISAv4$P$D$K$B$S$PE$A:L22UL41UL21$X:L11$S22US41US21$IEEE1$IW$USESV6$~STKCKD$USESV7$~SHL$OTIME$ROPI$IEEEJ$EBA8$UX$STANDARDLIB$REQ8$PRES8$EABIv2 0x00000000   Number         0  anon$$obj.o ABSOLUTE
    __ARM_use_no_argv                        0x00000000   Number         0  main.o ABSOLUTE
    _printf_flags                            0x00000000   Number         0  printf_stubs.o ABSOLUTE
    _printf_return_value                     0x00000000   Number         0  printf_stubs.o ABSOLUTE
    _printf_sizespec                         0x00000000   Number         0  printf_stubs.o ABSOLUTE
    _printf_widthprec                        0x00000000   Number         0  printf_stubs.o ABSOLUTE
    __ARM_exceptions_init                     - Undefined Weak Reference
    __alloca_initialize                       - Undefined Weak Reference
    __arm_preinit_                            - Undefined Weak Reference
    __cpp_initialize__aeabi_                  - Undefined Weak Reference
    __cxa_finalize                            - Undefined Weak Reference
    __sigvec_lookup                           - Undefined Weak Reference
    _atexit_init                              - Undefined Weak Reference
    _call_atexit_fns                          - Undefined Weak Reference
    _clock_init                               - Undefined Weak Reference
    _fp_trap_init                             - Undefined Weak Reference
    _fp_trap_shutdown                         - Undefined Weak Reference
    _get_lc_collate                           - Undefined Weak Reference
    _get_lc_ctype                             - Undefined Weak Reference
    _get_lc_monetary                          - Undefined Weak Reference
    _get_lc_time                              - Undefined Weak Reference
    _getenv_init                              - Undefined Weak Reference
    _handle_redirection                       - Undefined Weak Reference
    _init_alloc                               - Undefined Weak Reference
    _init_user_alloc                          - Undefined Weak Reference
    _initio                                   - Undefined Weak Reference
    _printf_mbtowc                            - Undefined Weak Reference
    _printf_truncate_signed                   - Undefined Weak Reference
    _printf_truncate_unsigned                 - Undefined Weak Reference
    _rand_init                                - Undefined Weak Reference
    _signal_finish                            - Undefined Weak Reference
    _signal_init                              - Undefined Weak Reference
    _terminate_alloc                          - Undefined Weak Reference
    _terminate_user_alloc                     - Undefined Weak Reference
    _terminateio                              - Undefined Weak Reference
    __Vectors_Size                           0x00000130   Number         0  startup_stm32f103xe.o ABSOLUTE
    __Vectors                                0x08000000   Data           4  startup_stm32f103xe.o(RESET)
    __Vectors_End                            0x08000130   Data           0  startup_stm32f103xe.o(RESET)
    __main                                   0x08000131   Thumb Code     8  __main.o(!!!main)
    __scatterload                            0x08000139   Thumb Code     0  __scatter.o(!!!scatter)
    __scatterload_rt2                        0x08000139   Thumb Code    44  __scatter.o(!!!scatter)
    __scatterload_rt2_thumb_only             0x08000139   Thumb Code     0  __scatter.o(!!!scatter)
    __scatterload_null                       0x08000147   Thumb Code     0  __scatter.o(!!!scatter)
    __scatterload_copy                       0x0800016d   Thumb Code    26  __scatter_copy.o(!!handler_copy)
    __scatterload_zeroinit                   0x08000189   Thumb Code    28  __scatter_zi.o(!!handler_zi)
    _printf_f                                0x080001a5   Thumb Code     0  _printf_f.o(.ARM.Collect$$_printf_percent$$00000003)
    _printf_percent                          0x080001a5   Thumb Code     0  _printf_percent.o(.ARM.Collect$$_printf_percent$$00000000)
    _printf_d                                0x080001ab   Thumb Code     0  _printf_d.o(.ARM.Collect$$_printf_percent$$00000009)
    _printf_s                                0x080001b1   Thumb Code     0  _printf_s.o(.ARM.Collect$$_printf_percent$$00000014)
    _printf_percent_end                      0x080001b7   Thumb Code     0  _printf_percent_end.o(.ARM.Collect$$_printf_percent$$00000017)
    __rt_lib_init                            0x080001bb   Thumb Code     0  libinit.o(.ARM.Collect$$libinit$$00000000)
    __rt_lib_init_fp_1                       0x080001bd   Thumb Code     0  libinit2.o(.ARM.Collect$$libinit$$00000002)
    __rt_lib_init_heap_1                     0x080001bd   Thumb Code     0  libinit2.o(.ARM.Collect$$libinit$$0000000A)
    __rt_lib_init_lc_common                  0x080001bd   Thumb Code     0  libinit2.o(.ARM.Collect$$libinit$$0000000F)
    __rt_lib_init_preinit_1                  0x080001bd   Thumb Code     0  libinit2.o(.ARM.Collect$$libinit$$00000004)
    __rt_lib_init_rand_1                     0x080001bd   Thumb Code     0  libinit2.o(.ARM.Collect$$libinit$$0000000E)
    __rt_lib_init_user_alloc_1               0x080001bd   Thumb Code     0  libinit2.o(.ARM.Collect$$libinit$$0000000C)
    __rt_lib_init_lc_collate_1               0x080001c3   Thumb Code     0  libinit2.o(.ARM.Collect$$libinit$$00000011)
    __rt_lib_init_lc_ctype_1                 0x080001c3   Thumb Code     0  libinit2.o(.ARM.Collect$$libinit$$00000013)
    __rt_lib_init_lc_monetary_1              0x080001c3   Thumb Code     0  libinit2.o(.ARM.Collect$$libinit$$00000015)
    __rt_lib_init_lc_numeric_2               0x080001c3   Thumb Code     0  libinit2.o(.ARM.Collect$$libinit$$00000016)
    __rt_lib_init_alloca_1                   0x080001cd   Thumb Code     0  libinit2.o(.ARM.Collect$$libinit$$0000002E)
    __rt_lib_init_argv_1                     0x080001cd   Thumb Code     0  libinit2.o(.ARM.Collect$$libinit$$0000002C)
    __rt_lib_init_atexit_1                   0x080001cd   Thumb Code     0  libinit2.o(.ARM.Collect$$libinit$$0000001B)
    __rt_lib_init_clock_1                    0x080001cd   Thumb Code     0  libinit2.o(.ARM.Collect$$libinit$$00000021)
    __rt_lib_init_cpp_1                      0x080001cd   Thumb Code     0  libinit2.o(.ARM.Collect$$libinit$$00000032)
    __rt_lib_init_exceptions_1               0x080001cd   Thumb Code     0  libinit2.o(.ARM.Collect$$libinit$$00000030)
    __rt_lib_init_fp_trap_1                  0x080001cd   Thumb Code     0  libinit2.o(.ARM.Collect$$libinit$$0000001F)
    __rt_lib_init_getenv_1                   0x080001cd   Thumb Code     0  libinit2.o(.ARM.Collect$$libinit$$00000023)
    __rt_lib_init_lc_numeric_1               0x080001cd   Thumb Code     0  libinit2.o(.ARM.Collect$$libinit$$00000017)
    __rt_lib_init_lc_time_1                  0x080001cd   Thumb Code     0  libinit2.o(.ARM.Collect$$libinit$$00000019)
    __rt_lib_init_return                     0x080001cd   Thumb Code     0  libinit2.o(.ARM.Collect$$libinit$$00000033)
    __rt_lib_init_signal_1                   0x080001cd   Thumb Code     0  libinit2.o(.ARM.Collect$$libinit$$0000001D)
    __rt_lib_init_stdio_1                    0x080001cd   Thumb Code     0  libinit2.o(.ARM.Collect$$libinit$$00000025)
    __rt_lib_shutdown                        0x080001cf   Thumb Code     0  libshutdown.o(.ARM.Collect$$libshutdown$$00000000)
    __rt_lib_shutdown_cpp_1                  0x080001d1   Thumb Code     0  libshutdown2.o(.ARM.Collect$$libshutdown$$00000002)
    __rt_lib_shutdown_fp_trap_1              0x080001d1   Thumb Code     0  libshutdown2.o(.ARM.Collect$$libshutdown$$00000007)
    __rt_lib_shutdown_heap_1                 0x080001d1   Thumb Code     0  libshutdown2.o(.ARM.Collect$$libshutdown$$0000000F)
    __rt_lib_shutdown_return                 0x080001d1   Thumb Code     0  libshutdown2.o(.ARM.Collect$$libshutdown$$00000010)
    __rt_lib_shutdown_signal_1               0x080001d1   Thumb Code     0  libshutdown2.o(.ARM.Collect$$libshutdown$$0000000A)
    __rt_lib_shutdown_stdio_1                0x080001d1   Thumb Code     0  libshutdown2.o(.ARM.Collect$$libshutdown$$00000004)
    __rt_lib_shutdown_user_alloc_1           0x080001d1   Thumb Code     0  libshutdown2.o(.ARM.Collect$$libshutdown$$0000000C)
    __rt_entry                               0x080001d3   Thumb Code     0  __rtentry.o(.ARM.Collect$$rtentry$$00000000)
    __rt_entry_presh_1                       0x080001d3   Thumb Code     0  __rtentry2.o(.ARM.Collect$$rtentry$$00000002)
    __rt_entry_sh                            0x080001d3   Thumb Code     0  __rtentry4.o(.ARM.Collect$$rtentry$$00000004)
    __rt_entry_li                            0x080001d9   Thumb Code     0  __rtentry2.o(.ARM.Collect$$rtentry$$0000000A)
    __rt_entry_postsh_1                      0x080001d9   Thumb Code     0  __rtentry2.o(.ARM.Collect$$rtentry$$00000009)
    __rt_entry_main                          0x080001dd   Thumb Code     0  __rtentry2.o(.ARM.Collect$$rtentry$$0000000D)
    __rt_entry_postli_1                      0x080001dd   Thumb Code     0  __rtentry2.o(.ARM.Collect$$rtentry$$0000000C)
    __rt_exit                                0x080001e5   Thumb Code     0  rtexit.o(.ARM.Collect$$rtexit$$00000000)
    __rt_exit_ls                             0x080001e7   Thumb Code     0  rtexit2.o(.ARM.Collect$$rtexit$$00000003)
    __rt_exit_prels_1                        0x080001e7   Thumb Code     0  rtexit2.o(.ARM.Collect$$rtexit$$00000002)
    __rt_exit_exit                           0x080001eb   Thumb Code     0  rtexit2.o(.ARM.Collect$$rtexit$$00000004)
    Reset_Handler                            0x080001f1   Thumb Code     8  startup_stm32f103xe.o(.text)
    ADC3_IRQHandler                          0x0800020b   Thumb Code     0  startup_stm32f103xe.o(.text)
    CAN1_RX1_IRQHandler                      0x0800020b   Thumb Code     0  startup_stm32f103xe.o(.text)
    CAN1_SCE_IRQHandler                      0x0800020b   Thumb Code     0  startup_stm32f103xe.o(.text)
    DMA1_Channel1_IRQHandler                 0x0800020b   Thumb Code     0  startup_stm32f103xe.o(.text)
    DMA1_Channel2_IRQHandler                 0x0800020b   Thumb Code     0  startup_stm32f103xe.o(.text)
    DMA1_Channel3_IRQHandler                 0x0800020b   Thumb Code     0  startup_stm32f103xe.o(.text)
    DMA1_Channel4_IRQHandler                 0x0800020b   Thumb Code     0  startup_stm32f103xe.o(.text)
    DMA1_Channel5_IRQHandler                 0x0800020b   Thumb Code     0  startup_stm32f103xe.o(.text)
    DMA1_Channel6_IRQHandler                 0x0800020b   Thumb Code     0  startup_stm32f103xe.o(.text)
    DMA1_Channel7_IRQHandler                 0x0800020b   Thumb Code     0  startup_stm32f103xe.o(.text)
    DMA2_Channel1_IRQHandler                 0x0800020b   Thumb Code     0  startup_stm32f103xe.o(.text)
    DMA2_Channel2_IRQHandler                 0x0800020b   Thumb Code     0  startup_stm32f103xe.o(.text)
    DMA2_Channel3_IRQHandler                 0x0800020b   Thumb Code     0  startup_stm32f103xe.o(.text)
    DMA2_Channel4_5_IRQHandler               0x0800020b   Thumb Code     0  startup_stm32f103xe.o(.text)
    EXTI0_IRQHandler                         0x0800020b   Thumb Code     0  startup_stm32f103xe.o(.text)
    EXTI15_10_IRQHandler                     0x0800020b   Thumb Code     0  startup_stm32f103xe.o(.text)
    EXTI1_IRQHandler                         0x0800020b   Thumb Code     0  startup_stm32f103xe.o(.text)
    EXTI2_IRQHandler                         0x0800020b   Thumb Code     0  startup_stm32f103xe.o(.text)
    EXTI3_IRQHandler                         0x0800020b   Thumb Code     0  startup_stm32f103xe.o(.text)
    EXTI4_IRQHandler                         0x0800020b   Thumb Code     0  startup_stm32f103xe.o(.text)
    EXTI9_5_IRQHandler                       0x0800020b   Thumb Code     0  startup_stm32f103xe.o(.text)
    FLASH_IRQHandler                         0x0800020b   Thumb Code     0  startup_stm32f103xe.o(.text)
    FSMC_IRQHandler                          0x0800020b   Thumb Code     0  startup_stm32f103xe.o(.text)
    I2C1_ER_IRQHandler                       0x0800020b   Thumb Code     0  startup_stm32f103xe.o(.text)
    I2C1_EV_IRQHandler                       0x0800020b   Thumb Code     0  startup_stm32f103xe.o(.text)
    I2C2_ER_IRQHandler                       0x0800020b   Thumb Code     0  startup_stm32f103xe.o(.text)
    I2C2_EV_IRQHandler                       0x0800020b   Thumb Code     0  startup_stm32f103xe.o(.text)
    PVD_IRQHandler                           0x0800020b   Thumb Code     0  startup_stm32f103xe.o(.text)
    RCC_IRQHandler                           0x0800020b   Thumb Code     0  startup_stm32f103xe.o(.text)
    RTC_Alarm_IRQHandler                     0x0800020b   Thumb Code     0  startup_stm32f103xe.o(.text)
    RTC_IRQHandler                           0x0800020b   Thumb Code     0  startup_stm32f103xe.o(.text)
    SDIO_IRQHandler                          0x0800020b   Thumb Code     0  startup_stm32f103xe.o(.text)
    SPI1_IRQHandler                          0x0800020b   Thumb Code     0  startup_stm32f103xe.o(.text)
    SPI2_IRQHandler                          0x0800020b   Thumb Code     0  startup_stm32f103xe.o(.text)
    SPI3_IRQHandler                          0x0800020b   Thumb Code     0  startup_stm32f103xe.o(.text)
    TAMPER_IRQHandler                        0x0800020b   Thumb Code     0  startup_stm32f103xe.o(.text)
    TIM1_BRK_IRQHandler                      0x0800020b   Thumb Code     0  startup_stm32f103xe.o(.text)
    TIM1_CC_IRQHandler                       0x0800020b   Thumb Code     0  startup_stm32f103xe.o(.text)
    TIM1_TRG_COM_IRQHandler                  0x0800020b   Thumb Code     0  startup_stm32f103xe.o(.text)
    TIM1_UP_IRQHandler                       0x0800020b   Thumb Code     0  startup_stm32f103xe.o(.text)
    TIM2_IRQHandler                          0x0800020b   Thumb Code     0  startup_stm32f103xe.o(.text)
    TIM3_IRQHandler                          0x0800020b   Thumb Code     0  startup_stm32f103xe.o(.text)
    TIM4_IRQHandler                          0x0800020b   Thumb Code     0  startup_stm32f103xe.o(.text)
    TIM5_IRQHandler                          0x0800020b   Thumb Code     0  startup_stm32f103xe.o(.text)
    TIM6_IRQHandler                          0x0800020b   Thumb Code     0  startup_stm32f103xe.o(.text)
    TIM7_IRQHandler                          0x0800020b   Thumb Code     0  startup_stm32f103xe.o(.text)
    TIM8_BRK_IRQHandler                      0x0800020b   Thumb Code     0  startup_stm32f103xe.o(.text)
    TIM8_CC_IRQHandler                       0x0800020b   Thumb Code     0  startup_stm32f103xe.o(.text)
    TIM8_TRG_COM_IRQHandler                  0x0800020b   Thumb Code     0  startup_stm32f103xe.o(.text)
    TIM8_UP_IRQHandler                       0x0800020b   Thumb Code     0  startup_stm32f103xe.o(.text)
    UART4_IRQHandler                         0x0800020b   Thumb Code     0  startup_stm32f103xe.o(.text)
    UART5_IRQHandler                         0x0800020b   Thumb Code     0  startup_stm32f103xe.o(.text)
    USART1_IRQHandler                        0x0800020b   Thumb Code     0  startup_stm32f103xe.o(.text)
    USART2_IRQHandler                        0x0800020b   Thumb Code     0  startup_stm32f103xe.o(.text)
    USART3_IRQHandler                        0x0800020b   Thumb Code     0  startup_stm32f103xe.o(.text)
    USBWakeUp_IRQHandler                     0x0800020b   Thumb Code     0  startup_stm32f103xe.o(.text)
    USB_HP_CAN1_TX_IRQHandler                0x0800020b   Thumb Code     0  startup_stm32f103xe.o(.text)
    USB_LP_CAN1_RX0_IRQHandler               0x0800020b   Thumb Code     0  startup_stm32f103xe.o(.text)
    WWDG_IRQHandler                          0x0800020b   Thumb Code     0  startup_stm32f103xe.o(.text)
    __user_initial_stackheap                 0x0800020d   Thumb Code     0  startup_stm32f103xe.o(.text)
    __2sprintf                               0x08000231   Thumb Code    34  noretval__2sprintf.o(.text)
    _printf_pre_padding                      0x08000259   Thumb Code    44  _printf_pad.o(.text)
    _printf_post_padding                     0x08000285   Thumb Code    34  _printf_pad.o(.text)
    _printf_str                              0x080002a7   Thumb Code    82  _printf_str.o(.text)
    _printf_int_dec                          0x080002f9   Thumb Code   104  _printf_dec.o(.text)
    __printf                                 0x08000371   Thumb Code   352  __printf_ss_wp.o(.text)
    __aeabi_memclr4                          0x080004d1   Thumb Code     0  rt_memclr_w.o(.text)
    __aeabi_memclr8                          0x080004d1   Thumb Code     0  rt_memclr_w.o(.text)
    __rt_memclr_w                            0x080004d1   Thumb Code    78  rt_memclr_w.o(.text)
    _memset_w                                0x080004d5   Thumb Code     0  rt_memclr_w.o(.text)
    __use_two_region_memory                  0x0800051f   Thumb Code     2  heapauxi.o(.text)
    __rt_heap_escrow$2region                 0x08000521   Thumb Code     2  heapauxi.o(.text)
    __rt_heap_expand$2region                 0x08000523   Thumb Code     2  heapauxi.o(.text)
    _printf_int_common                       0x08000525   Thumb Code   178  _printf_intcommon.o(.text)
    __lib_sel_fp_printf                      0x080005d7   Thumb Code     2  _printf_fp_dec.o(.text)
    _printf_fp_dec_real                      0x08000785   Thumb Code   620  _printf_fp_dec.o(.text)
    _printf_char_common                      0x080009fb   Thumb Code    32  _printf_char_common.o(.text)
    _sputc                                   0x08000a21   Thumb Code    10  _sputc.o(.text)
    _printf_cs_common                        0x08000a2b   Thumb Code    20  _printf_char.o(.text)
    _printf_char                             0x08000a3f   Thumb Code    16  _printf_char.o(.text)
    _printf_string                           0x08000a4f   Thumb Code     8  _printf_char.o(.text)
    __rt_locale                              0x08000a59   Thumb Code     8  rt_locale_intlibspace.o(.text)
    _ll_udiv10                               0x08000a61   Thumb Code   138  lludiv10.o(.text)
    _printf_fp_infnan                        0x08000aed   Thumb Code   112  _printf_fp_infnan.o(.text)
    _btod_etento                             0x08000b6d   Thumb Code   216  bigflt0.o(.text)
    __user_libspace                          0x08000c49   Thumb Code     8  libspace.o(.text)
    __user_perproc_libspace                  0x08000c49   Thumb Code     0  libspace.o(.text)
    __user_perthread_libspace                0x08000c49   Thumb Code     0  libspace.o(.text)
    __user_setup_stackheap                   0x08000c51   Thumb Code    74  sys_stackheap_outer.o(.text)
    exit                                     0x08000c9b   Thumb Code    18  exit.o(.text)
    strcmp                                   0x08000cad   Thumb Code   128  strcmpv7m.o(.text)
    _sys_exit                                0x08000d2d   Thumb Code     8  sys_exit.o(.text)
    __I$use$semihosting                      0x08000d39   Thumb Code     0  use_no_semi.o(.text)
    __use_no_semihosting_swi                 0x08000d39   Thumb Code     2  use_no_semi.o(.text)
    __semihosting_library_function           0x08000d3b   Thumb Code     0  indicate_semi.o(.text)
    _btod_d2e                                0x08000d3b   Thumb Code    62  btod.o(CL$$btod_d2e)
    _d2e_denorm_low                          0x08000d79   Thumb Code    70  btod.o(CL$$btod_d2e_denorm_low)
    _d2e_norm_op1                            0x08000dbf   Thumb Code    96  btod.o(CL$$btod_d2e_norm_op1)
    __btod_div_common                        0x08000e1f   Thumb Code   696  btod.o(CL$$btod_div_common)
    _e2e                                     0x08001157   Thumb Code   198  btod.o(CL$$btod_e2e)
    _btod_ediv                               0x0800121d   Thumb Code    40  btod.o(CL$$btod_ediv)
    _btod_emul                               0x08001245   Thumb Code    40  btod.o(CL$$btod_emul)
    __btod_mult_common                       0x0800126d   Thumb Code   580  btod.o(CL$$btod_mult_common)
    ADC1_2_IRQHandler                        0x080014b1   Thumb Code    18  stm32f1xx_it.o(i.ADC1_2_IRQHandler)
    ADC_ConversionStop_Disable               0x080014cd   Thumb Code    86  stm32f1xx_hal_adc.o(i.ADC_ConversionStop_Disable)
    ADC_Enable                               0x08001525   Thumb Code   114  stm32f1xx_hal_adc.o(i.ADC_Enable)
    BusFault_Handler                         0x080015a1   Thumb Code     2  stm32f1xx_it.o(i.BusFault_Handler)
    DHT11_Check                              0x080015a5   Thumb Code    84  dht11.o(i.DHT11_Check)
    DHT11_IN                                 0x080015fd   Thumb Code    24  dht11.o(i.DHT11_IN)
    DHT11_OUT                                0x08001619   Thumb Code    26  dht11.o(i.DHT11_OUT)
    DHT11_Read_Bit                           0x08001639   Thumb Code    84  dht11.o(i.DHT11_Read_Bit)
    DHT11_Read_Byte                          0x08001691   Thumb Code    26  dht11.o(i.DHT11_Read_Byte)
    DHT11_Read_Data                          0x080016ad   Thumb Code    96  dht11.o(i.DHT11_Read_Data)
    DHT11_Start                              0x0800170d   Thumb Code    44  dht11.o(i.DHT11_Start)
    DebugMon_Handler                         0x0800173d   Thumb Code     2  stm32f1xx_it.o(i.DebugMon_Handler)
    Error_Handler                            0x0800173f   Thumb Code     4  main.o(i.Error_Handler)
    FSMC_NORSRAM_Extended_Timing_Init        0x08001745   Thumb Code    56  stm32f1xx_ll_fsmc.o(i.FSMC_NORSRAM_Extended_Timing_Init)
    FSMC_NORSRAM_Init                        0x08001781   Thumb Code    98  stm32f1xx_ll_fsmc.o(i.FSMC_NORSRAM_Init)
    FSMC_NORSRAM_Timing_Init                 0x080017e9   Thumb Code    64  stm32f1xx_ll_fsmc.o(i.FSMC_NORSRAM_Timing_Init)
    HAL_ADCEx_InjectedConvCpltCallback       0x0800182d   Thumb Code     2  stm32f1xx_hal_adc_ex.o(i.HAL_ADCEx_InjectedConvCpltCallback)
    HAL_ADC_ConfigChannel                    0x08001831   Thumb Code   240  stm32f1xx_hal_adc.o(i.HAL_ADC_ConfigChannel)
    HAL_ADC_ConvCpltCallback                 0x0800192d   Thumb Code     2  stm32f1xx_hal_adc.o(i.HAL_ADC_ConvCpltCallback)
    HAL_ADC_GetValue                         0x0800192f   Thumb Code     6  stm32f1xx_hal_adc.o(i.HAL_ADC_GetValue)
    HAL_ADC_IRQHandler                       0x08001935   Thumb Code   220  stm32f1xx_hal_adc.o(i.HAL_ADC_IRQHandler)
    HAL_ADC_Init                             0x08001a11   Thumb Code   272  stm32f1xx_hal_adc.o(i.HAL_ADC_Init)
    HAL_ADC_LevelOutOfWindowCallback         0x08001b31   Thumb Code     2  stm32f1xx_hal_adc.o(i.HAL_ADC_LevelOutOfWindowCallback)
    HAL_ADC_MspInit                          0x08001b35   Thumb Code   134  adc.o(i.HAL_ADC_MspInit)
    HAL_ADC_PollForConversion                0x08001bcd   Thumb Code   304  stm32f1xx_hal_adc.o(i.HAL_ADC_PollForConversion)
    HAL_ADC_Start                            0x08001d09   Thumb Code   184  stm32f1xx_hal_adc.o(i.HAL_ADC_Start)
    HAL_Delay                                0x08001dc9   Thumb Code    32  stm32f1xx_hal.o(i.HAL_Delay)
    HAL_GPIO_Init                            0x08001e6d   Thumb Code   462  stm32f1xx_hal_gpio.o(i.HAL_GPIO_Init)
    HAL_GPIO_ReadPin                         0x08002065   Thumb Code    10  stm32f1xx_hal_gpio.o(i.HAL_GPIO_ReadPin)
    HAL_GPIO_WritePin                        0x0800206f   Thumb Code    10  stm32f1xx_hal_gpio.o(i.HAL_GPIO_WritePin)
    HAL_GetTick                              0x08002079   Thumb Code     6  stm32f1xx_hal.o(i.HAL_GetTick)
    HAL_IncTick                              0x08002085   Thumb Code    12  stm32f1xx_hal.o(i.HAL_IncTick)
    HAL_Init                                 0x08002095   Thumb Code    32  stm32f1xx_hal.o(i.HAL_Init)
    HAL_InitTick                             0x080020b9   Thumb Code    54  stm32f1xx_hal.o(i.HAL_InitTick)
    HAL_MspInit                              0x080020f9   Thumb Code    52  stm32f1xx_hal_msp.o(i.HAL_MspInit)
    HAL_NVIC_EnableIRQ                       0x08002135   Thumb Code    26  stm32f1xx_hal_cortex.o(i.HAL_NVIC_EnableIRQ)
    HAL_NVIC_SetPriority                     0x08002151   Thumb Code    60  stm32f1xx_hal_cortex.o(i.HAL_NVIC_SetPriority)
    HAL_NVIC_SetPriorityGrouping             0x08002191   Thumb Code    26  stm32f1xx_hal_cortex.o(i.HAL_NVIC_SetPriorityGrouping)
    HAL_RCCEx_GetPeriphCLKFreq               0x080021b5   Thumb Code   166  stm32f1xx_hal_rcc_ex.o(i.HAL_RCCEx_GetPeriphCLKFreq)
    HAL_RCCEx_PeriphCLKConfig                0x0800226d   Thumb Code   224  stm32f1xx_hal_rcc_ex.o(i.HAL_RCCEx_PeriphCLKConfig)
    HAL_RCC_ClockConfig                      0x08002359   Thumb Code   280  stm32f1xx_hal_rcc.o(i.HAL_RCC_ClockConfig)
    HAL_RCC_GetPCLK2Freq                     0x08002485   Thumb Code    20  stm32f1xx_hal_rcc.o(i.HAL_RCC_GetPCLK2Freq)
    HAL_RCC_GetSysClockFreq                  0x080024a5   Thumb Code    58  stm32f1xx_hal_rcc.o(i.HAL_RCC_GetSysClockFreq)
    HAL_RCC_OscConfig                        0x080024f1   Thumb Code   778  stm32f1xx_hal_rcc.o(i.HAL_RCC_OscConfig)
    HAL_SRAM_Init                            0x08002811   Thumb Code   100  stm32f1xx_hal_sram.o(i.HAL_SRAM_Init)
    HAL_SRAM_MspInit                         0x08002875   Thumb Code     4  fsmc.o(i.HAL_SRAM_MspInit)
    HAL_SYSTICK_Config                       0x08002879   Thumb Code    40  stm32f1xx_hal_cortex.o(i.HAL_SYSTICK_Config)
    HAL_TIMEx_MasterConfigSynchronization    0x080028a1   Thumb Code   104  stm32f1xx_hal_tim_ex.o(i.HAL_TIMEx_MasterConfigSynchronization)
    HAL_TIM_Base_Init                        0x0800291d   Thumb Code    90  stm32f1xx_hal_tim.o(i.HAL_TIM_Base_Init)
    HAL_TIM_Base_MspInit                     0x08002979   Thumb Code    30  tim.o(i.HAL_TIM_Base_MspInit)
    HAL_TIM_Base_Start                       0x080029a1   Thumb Code    78  stm32f1xx_hal_tim.o(i.HAL_TIM_Base_Start)
    HAL_TIM_Base_Stop                        0x08002a05   Thumb Code    38  stm32f1xx_hal_tim.o(i.HAL_TIM_Base_Stop)
    HAL_TIM_ConfigClockSource                0x08002a2b   Thumb Code   220  stm32f1xx_hal_tim.o(i.HAL_TIM_ConfigClockSource)
    HardFault_Handler                        0x08002b07   Thumb Code     2  stm32f1xx_it.o(i.HardFault_Handler)
    Illumination_Get_Date                    0x08002b09   Thumb Code    30  illumination.o(i.Illumination_Get_Date)
    KEY_Scan                                 0x08002b2d   Thumb Code   152  key.o(i.KEY_Scan)
    LCD_Clear                                0x08002bd1   Thumb Code    40  lcd.o(i.LCD_Clear)
    LCD_Display_Dir                          0x08002c01   Thumb Code   180  lcd.o(i.LCD_Display_Dir)
    LCD_Fast_DrawPoint                       0x08002cb9   Thumb Code   200  lcd.o(i.LCD_Fast_DrawPoint)
    LCD_Fill                                 0x08002d89   Thumb Code    66  lcd.o(i.LCD_Fill)
    LCD_Init                                 0x08002dd1   Thumb Code  9394  lcd.o(i.LCD_Init)
    LCD_RD_DATA                              0x08005289   Thumb Code    16  lcd.o(i.LCD_RD_DATA)
    LCD_SSD_BackLightSet                     0x0800529d   Thumb Code    70  lcd.o(i.LCD_SSD_BackLightSet)
    LCD_Scan_Dir                             0x080052e9   Thumb Code   380  lcd.o(i.LCD_Scan_Dir)
    LCD_SetCursor                            0x08005469   Thumb Code   238  lcd.o(i.LCD_SetCursor)
    LCD_ShowChar                             0x0800555d   Thumb Code   192  lcd.o(i.LCD_ShowChar)
    LCD_ShowString                           0x08005631   Thumb Code    84  lcd.o(i.LCD_ShowString)
    LCD_WR_DATA                              0x08005685   Thumb Code    20  lcd.o(i.LCD_WR_DATA)
    LCD_WR_REG                               0x0800569d   Thumb Code    20  lcd.o(i.LCD_WR_REG)
    LCD_WriteRAM_Prepare                     0x080056b5   Thumb Code    10  lcd.o(i.LCD_WriteRAM_Prepare)
    LCD_WriteReg                             0x080056c9   Thumb Code    10  lcd.o(i.LCD_WriteReg)
    MX_ADC1_Init                             0x080056d9   Thumb Code    68  adc.o(i.MX_ADC1_Init)
    MX_ADC2_Init                             0x08005725   Thumb Code    70  adc.o(i.MX_ADC2_Init)
    MX_FSMC_Init                             0x08005775   Thumb Code   134  fsmc.o(i.MX_FSMC_Init)
    MX_GPIO_Init                             0x08005809   Thumb Code   226  gpio.o(i.MX_GPIO_Init)
    MX_TIM3_Init                             0x08005901   Thumb Code    96  tim.o(i.MX_TIM3_Init)
    MemManage_Handler                        0x08005969   Thumb Code     2  stm32f1xx_it.o(i.MemManage_Handler)
    NMI_Handler                              0x0800596b   Thumb Code     2  stm32f1xx_it.o(i.NMI_Handler)
    PendSV_Handler                           0x0800596d   Thumb Code     2  stm32f1xx_it.o(i.PendSV_Handler)
    SVC_Handler                              0x0800596f   Thumb Code     2  stm32f1xx_it.o(i.SVC_Handler)
    Soil_Get_Data                            0x08005971   Thumb Code    36  soil_moisture.o(i.Soil_Get_Data)
    SysTick_Handler                          0x08005999   Thumb Code     4  stm32f1xx_it.o(i.SysTick_Handler)
    SystemClock_Config                       0x0800599d   Thumb Code   122  main.o(i.SystemClock_Config)
    SystemInit                               0x08005a17   Thumb Code     2  system_stm32f1xx.o(i.SystemInit)
    TIM_Base_SetConfig                       0x08005a19   Thumb Code   120  stm32f1xx_hal_tim.o(i.TIM_Base_SetConfig)
    TIM_ETR_SetConfig                        0x08005aa5   Thumb Code    20  stm32f1xx_hal_tim.o(i.TIM_ETR_SetConfig)
    UsageFault_Handler                       0x08005b0f   Thumb Code     2  stm32f1xx_it.o(i.UsageFault_Handler)
    __ARM_fpclassify                         0x08005b11   Thumb Code    40  fpclassify.o(i.__ARM_fpclassify)
    _is_digit                                0x08005b59   Thumb Code    14  __printf_wp.o(i._is_digit)
    check_BEEP                               0x08005b69   Thumb Code   376  start.o(i.check_BEEP)
    delay_us                                 0x08005ced   Thumb Code    36  dht11.o(i.delay_us)
    get_light                                0x08005d15   Thumb Code    46  get_data.o(i.get_light)
    get_soil                                 0x08005d59   Thumb Code    94  get_data.o(i.get_soil)
    get_temp_humi                            0x08005dc9   Thumb Code    32  get_data.o(i.get_temp_humi)
    init                                     0x08005de9   Thumb Code    44  start.o(i.init)
    main                                     0x08005e1d   Thumb Code    38  main.o(i.main)
    start                                    0x08005e45   Thumb Code   334  start.o(i.start)
    update_data_status                       0x08005fa1   Thumb Code    36  update.o(i.update_data_status)
    update_data_threshold                    0x08005fc5   Thumb Code   168  update.o(i.update_data_threshold)
    update_status                            0x0800606d   Thumb Code    54  update.o(i.update_status)
    update_threshold                         0x080060a3   Thumb Code   156  update.o(i.update_threshold)
    window_main_menu                         0x08006141   Thumb Code   482  window.o(i.window_main_menu)
    window_update_menu                       0x080064e5   Thumb Code   462  window.o(i.window_update_menu)
    _get_lc_numeric                          0x08006889   Thumb Code    44  lc_numeric_c.o(locale$$code)
    __aeabi_dadd                             0x080068b5   Thumb Code     0  daddsub_clz.o(x$fpl$dadd)
    _dadd                                    0x080068b5   Thumb Code   332  daddsub_clz.o(x$fpl$dadd)
    __fpl_dcmp_Inf                           0x08006a05   Thumb Code    24  dcmpi.o(x$fpl$dcmpinf)
    __aeabi_ddiv                             0x08006a1d   Thumb Code     0  ddiv.o(x$fpl$ddiv)
    _ddiv                                    0x08006a1d   Thumb Code   552  ddiv.o(x$fpl$ddiv)
    __aeabi_d2uiz                            0x08006ccd   Thumb Code     0  dfixu.o(x$fpl$dfixu)
    _dfixu                                   0x08006ccd   Thumb Code    90  dfixu.o(x$fpl$dfixu)
    __aeabi_ui2d                             0x08006d27   Thumb Code     0  dflt_clz.o(x$fpl$dfltu)
    _dfltu                                   0x08006d27   Thumb Code    38  dflt_clz.o(x$fpl$dfltu)
    __aeabi_cdcmple                          0x08006d4d   Thumb Code     0  dleqf.o(x$fpl$dleqf)
    _dcmple                                  0x08006d4d   Thumb Code   120  dleqf.o(x$fpl$dleqf)
    __fpl_dcmple_InfNaN                      0x08006daf   Thumb Code     0  dleqf.o(x$fpl$dleqf)
    __aeabi_dmul                             0x08006dc5   Thumb Code     0  dmul.o(x$fpl$dmul)
    _dmul                                    0x08006dc5   Thumb Code   332  dmul.o(x$fpl$dmul)
    __fpl_dnaninf                            0x08006f19   Thumb Code   156  dnaninf.o(x$fpl$dnaninf)
    __fpl_dretinf                            0x08006fb5   Thumb Code    12  dretinf.o(x$fpl$dretinf)
    __aeabi_cdrcmple                         0x08006fc1   Thumb Code     0  drleqf.o(x$fpl$drleqf)
    _drcmple                                 0x08006fc1   Thumb Code   108  drleqf.o(x$fpl$drleqf)
    __aeabi_drsub                            0x0800702d   Thumb Code     0  daddsub_clz.o(x$fpl$drsb)
    _drsb                                    0x0800702d   Thumb Code    22  daddsub_clz.o(x$fpl$drsb)
    __aeabi_dsub                             0x08007045   Thumb Code     0  daddsub_clz.o(x$fpl$dsub)
    _dsub                                    0x08007045   Thumb Code   464  daddsub_clz.o(x$fpl$dsub)
    _printf_fp_dec                           0x08007219   Thumb Code     4  printf1.o(x$fpl$printf1)
    __I$use$fp                               0x0800721c   Number         0  usenofp.o(x$fpl$usenofp)
    asc2_1206                                0x0800721c   Data        1140  lcd.o(.constdata)
    asc2_1608                                0x08007690   Data        1520  lcd.o(.constdata)
    asc2_2412                                0x08007c80   Data        3420  lcd.o(.constdata)
    AHBPrescTable                            0x08008a00   Data          16  system_stm32f1xx.o(.constdata)
    APBPrescTable                            0x08008a10   Data           8  system_stm32f1xx.o(.constdata)
    Region$$Table$$Base                      0x08008aac   Number         0  anon$$obj.o(Region$$Table)
    Region$$Table$$Limit                     0x08008acc   Number         0  anon$$obj.o(Region$$Table)
    POINT_COLOR                              0x20000000   Data           4  lcd.o(.data)
    BACK_COLOR                               0x20000004   Data           4  lcd.o(.data)
    key_1                                    0x2000000c   Data           1  start.o(.data)
    key_2                                    0x2000000d   Data           1  start.o(.data)
    key_3                                    0x2000000e   Data           1  start.o(.data)
    status                                   0x2000000f   Data           3  start.o(.data)
    flag_threshold                           0x20000014   Data           4  start.o(.data)
    flag_status                              0x20000018   Data           4  start.o(.data)
    save_threshold                           0x2000001c   Data           4  start.o(.data)
    flag_mode                                0x20000020   Data           4  start.o(.data)
    uwTickFreq                               0x2000002c   Data           1  stm32f1xx_hal.o(.data)
    uwTickPrio                               0x20000030   Data           4  stm32f1xx_hal.o(.data)
    uwTick                                   0x20000034   Data           4  stm32f1xx_hal.o(.data)
    SystemCoreClock                          0x20000038   Data           4  system_stm32f1xx.o(.data)
    lcddev                                   0x2000003c   Data          14  lcd.o(.bss)
    defa                                     0x2000004c   Data          16  start.o(.bss)
    alter                                    0x2000005c   Data          16  start.o(.bss)
    hadc1                                    0x2000006c   Data          48  adc.o(.bss)
    hadc2                                    0x2000009c   Data          48  adc.o(.bss)
    hsram1                                   0x200000cc   Data          72  fsmc.o(.bss)
    htim3                                    0x20000114   Data          72  tim.o(.bss)
    __libspace_start                         0x2000015c   Data          96  libspace.o(.bss)
    __temporary_stack_top$libspace           0x200001bc   Data           0  libspace.o(.bss)



==============================================================================

Memory Map of the image

  Image Entry point : 0x08000131

  Load Region LR_IROM1 (Base: 0x08000000, Size: 0x00008b24, Max: 0x00080000, ABSOLUTE)

    Execution Region ER_IROM1 (Base: 0x08000000, Size: 0x00008ae8, Max: 0x00080000, ABSOLUTE)

    Base Addr    Size         Type   Attr      Idx    E Section Name        Object

    0x08000000   0x00000130   Data   RO            3    RESET               startup_stm32f103xe.o
    0x08000130   0x00000008   Code   RO         3572  * !!!main             c_w.l(__main.o)
    0x08000138   0x00000034   Code   RO         3820    !!!scatter          c_w.l(__scatter.o)
    0x0800016c   0x0000001a   Code   RO         3822    !!handler_copy      c_w.l(__scatter_copy.o)
    0x08000186   0x00000002   PAD
    0x08000188   0x0000001c   Code   RO         3824    !!handler_zi        c_w.l(__scatter_zi.o)
    0x080001a4   0x00000000   Code   RO         3567    .ARM.Collect$$_printf_percent$$00000000  c_w.l(_printf_percent.o)
    0x080001a4   0x00000006   Code   RO         3566    .ARM.Collect$$_printf_percent$$00000003  c_w.l(_printf_f.o)
    0x080001aa   0x00000006   Code   RO         3565    .ARM.Collect$$_printf_percent$$00000009  c_w.l(_printf_d.o)
    0x080001b0   0x00000006   Code   RO         3564    .ARM.Collect$$_printf_percent$$00000014  c_w.l(_printf_s.o)
    0x080001b6   0x00000004   Code   RO         3613    .ARM.Collect$$_printf_percent$$00000017  c_w.l(_printf_percent_end.o)
    0x080001ba   0x00000002   Code   RO         3693    .ARM.Collect$$libinit$$00000000  c_w.l(libinit.o)
    0x080001bc   0x00000000   Code   RO         3695    .ARM.Collect$$libinit$$00000002  c_w.l(libinit2.o)
    0x080001bc   0x00000000   Code   RO         3697    .ARM.Collect$$libinit$$00000004  c_w.l(libinit2.o)
    0x080001bc   0x00000000   Code   RO         3700    .ARM.Collect$$libinit$$0000000A  c_w.l(libinit2.o)
    0x080001bc   0x00000000   Code   RO         3702    .ARM.Collect$$libinit$$0000000C  c_w.l(libinit2.o)
    0x080001bc   0x00000000   Code   RO         3704    .ARM.Collect$$libinit$$0000000E  c_w.l(libinit2.o)
    0x080001bc   0x00000006   Code   RO         3705    .ARM.Collect$$libinit$$0000000F  c_w.l(libinit2.o)
    0x080001c2   0x00000000   Code   RO         3707    .ARM.Collect$$libinit$$00000011  c_w.l(libinit2.o)
    0x080001c2   0x00000000   Code   RO         3709    .ARM.Collect$$libinit$$00000013  c_w.l(libinit2.o)
    0x080001c2   0x00000000   Code   RO         3711    .ARM.Collect$$libinit$$00000015  c_w.l(libinit2.o)
    0x080001c2   0x0000000a   Code   RO         3712    .ARM.Collect$$libinit$$00000016  c_w.l(libinit2.o)
    0x080001cc   0x00000000   Code   RO         3713    .ARM.Collect$$libinit$$00000017  c_w.l(libinit2.o)
    0x080001cc   0x00000000   Code   RO         3715    .ARM.Collect$$libinit$$00000019  c_w.l(libinit2.o)
    0x080001cc   0x00000000   Code   RO         3717    .ARM.Collect$$libinit$$0000001B  c_w.l(libinit2.o)
    0x080001cc   0x00000000   Code   RO         3719    .ARM.Collect$$libinit$$0000001D  c_w.l(libinit2.o)
    0x080001cc   0x00000000   Code   RO         3721    .ARM.Collect$$libinit$$0000001F  c_w.l(libinit2.o)
    0x080001cc   0x00000000   Code   RO         3723    .ARM.Collect$$libinit$$00000021  c_w.l(libinit2.o)
    0x080001cc   0x00000000   Code   RO         3725    .ARM.Collect$$libinit$$00000023  c_w.l(libinit2.o)
    0x080001cc   0x00000000   Code   RO         3727    .ARM.Collect$$libinit$$00000025  c_w.l(libinit2.o)
    0x080001cc   0x00000000   Code   RO         3731    .ARM.Collect$$libinit$$0000002C  c_w.l(libinit2.o)
    0x080001cc   0x00000000   Code   RO         3733    .ARM.Collect$$libinit$$0000002E  c_w.l(libinit2.o)
    0x080001cc   0x00000000   Code   RO         3735    .ARM.Collect$$libinit$$00000030  c_w.l(libinit2.o)
    0x080001cc   0x00000000   Code   RO         3737    .ARM.Collect$$libinit$$00000032  c_w.l(libinit2.o)
    0x080001cc   0x00000002   Code   RO         3738    .ARM.Collect$$libinit$$00000033  c_w.l(libinit2.o)
    0x080001ce   0x00000002   Code   RO         3768    .ARM.Collect$$libshutdown$$00000000  c_w.l(libshutdown.o)
    0x080001d0   0x00000000   Code   RO         3779    .ARM.Collect$$libshutdown$$00000002  c_w.l(libshutdown2.o)
    0x080001d0   0x00000000   Code   RO         3781    .ARM.Collect$$libshutdown$$00000004  c_w.l(libshutdown2.o)
    0x080001d0   0x00000000   Code   RO         3784    .ARM.Collect$$libshutdown$$00000007  c_w.l(libshutdown2.o)
    0x080001d0   0x00000000   Code   RO         3787    .ARM.Collect$$libshutdown$$0000000A  c_w.l(libshutdown2.o)
    0x080001d0   0x00000000   Code   RO         3789    .ARM.Collect$$libshutdown$$0000000C  c_w.l(libshutdown2.o)
    0x080001d0   0x00000000   Code   RO         3792    .ARM.Collect$$libshutdown$$0000000F  c_w.l(libshutdown2.o)
    0x080001d0   0x00000002   Code   RO         3793    .ARM.Collect$$libshutdown$$00000010  c_w.l(libshutdown2.o)
    0x080001d2   0x00000000   Code   RO         3602    .ARM.Collect$$rtentry$$00000000  c_w.l(__rtentry.o)
    0x080001d2   0x00000000   Code   RO         3622    .ARM.Collect$$rtentry$$00000002  c_w.l(__rtentry2.o)
    0x080001d2   0x00000006   Code   RO         3634    .ARM.Collect$$rtentry$$00000004  c_w.l(__rtentry4.o)
    0x080001d8   0x00000000   Code   RO         3624    .ARM.Collect$$rtentry$$00000009  c_w.l(__rtentry2.o)
    0x080001d8   0x00000004   Code   RO         3625    .ARM.Collect$$rtentry$$0000000A  c_w.l(__rtentry2.o)
    0x080001dc   0x00000000   Code   RO         3627    .ARM.Collect$$rtentry$$0000000C  c_w.l(__rtentry2.o)
    0x080001dc   0x00000008   Code   RO         3628    .ARM.Collect$$rtentry$$0000000D  c_w.l(__rtentry2.o)
    0x080001e4   0x00000002   Code   RO         3739    .ARM.Collect$$rtexit$$00000000  c_w.l(rtexit.o)
    0x080001e6   0x00000000   Code   RO         3746    .ARM.Collect$$rtexit$$00000002  c_w.l(rtexit2.o)
    0x080001e6   0x00000004   Code   RO         3747    .ARM.Collect$$rtexit$$00000003  c_w.l(rtexit2.o)
    0x080001ea   0x00000006   Code   RO         3748    .ARM.Collect$$rtexit$$00000004  c_w.l(rtexit2.o)
    0x080001f0   0x00000040   Code   RO            4    .text               startup_stm32f103xe.o
    0x08000230   0x00000028   Code   RO         3534    .text               c_w.l(noretval__2sprintf.o)
    0x08000258   0x0000004e   Code   RO         3538    .text               c_w.l(_printf_pad.o)
    0x080002a6   0x00000052   Code   RO         3540    .text               c_w.l(_printf_str.o)
    0x080002f8   0x00000078   Code   RO         3542    .text               c_w.l(_printf_dec.o)
    0x08000370   0x00000160   Code   RO         3559    .text               c_w.l(__printf_ss_wp.o)
    0x080004d0   0x0000004e   Code   RO         3568    .text               c_w.l(rt_memclr_w.o)
    0x0800051e   0x00000006   Code   RO         3570    .text               c_w.l(heapauxi.o)
    0x08000524   0x000000b2   Code   RO         3603    .text               c_w.l(_printf_intcommon.o)
    0x080005d6   0x0000041a   Code   RO         3605    .text               c_w.l(_printf_fp_dec.o)
    0x080009f0   0x00000030   Code   RO         3607    .text               c_w.l(_printf_char_common.o)
    0x08000a20   0x0000000a   Code   RO         3609    .text               c_w.l(_sputc.o)
    0x08000a2a   0x0000002c   Code   RO         3611    .text               c_w.l(_printf_char.o)
    0x08000a56   0x00000002   PAD
    0x08000a58   0x00000008   Code   RO         3639    .text               c_w.l(rt_locale_intlibspace.o)
    0x08000a60   0x0000008a   Code   RO         3641    .text               c_w.l(lludiv10.o)
    0x08000aea   0x00000002   PAD
    0x08000aec   0x00000080   Code   RO         3643    .text               c_w.l(_printf_fp_infnan.o)
    0x08000b6c   0x000000dc   Code   RO         3647    .text               c_w.l(bigflt0.o)
    0x08000c48   0x00000008   Code   RO         3679    .text               c_w.l(libspace.o)
    0x08000c50   0x0000004a   Code   RO         3682    .text               c_w.l(sys_stackheap_outer.o)
    0x08000c9a   0x00000012   Code   RO         3684    .text               c_w.l(exit.o)
    0x08000cac   0x00000080   Code   RO         3686    .text               c_w.l(strcmpv7m.o)
    0x08000d2c   0x0000000c   Code   RO         3758    .text               c_w.l(sys_exit.o)
    0x08000d38   0x00000002   Code   RO         3769    .text               c_w.l(use_no_semi.o)
    0x08000d3a   0x00000000   Code   RO         3771    .text               c_w.l(indicate_semi.o)
    0x08000d3a   0x0000003e   Code   RO         3650    CL$$btod_d2e        c_w.l(btod.o)
    0x08000d78   0x00000046   Code   RO         3652    CL$$btod_d2e_denorm_low  c_w.l(btod.o)
    0x08000dbe   0x00000060   Code   RO         3651    CL$$btod_d2e_norm_op1  c_w.l(btod.o)
    0x08000e1e   0x00000338   Code   RO         3660    CL$$btod_div_common  c_w.l(btod.o)
    0x08001156   0x000000c6   Code   RO         3657    CL$$btod_e2e        c_w.l(btod.o)
    0x0800121c   0x00000028   Code   RO         3654    CL$$btod_ediv       c_w.l(btod.o)
    0x08001244   0x00000028   Code   RO         3653    CL$$btod_emul       c_w.l(btod.o)
    0x0800126c   0x00000244   Code   RO         3659    CL$$btod_mult_common  c_w.l(btod.o)
    0x080014b0   0x0000001c   Code   RO          864    i.ADC1_2_IRQHandler  stm32f1xx_it.o
    0x080014cc   0x00000056   Code   RO         1006    i.ADC_ConversionStop_Disable  stm32f1xx_hal_adc.o
    0x08001522   0x00000002   PAD
    0x08001524   0x0000007c   Code   RO         1010    i.ADC_Enable        stm32f1xx_hal_adc.o
    0x080015a0   0x00000002   Code   RO          865    i.BusFault_Handler  stm32f1xx_it.o
    0x080015a2   0x00000002   PAD
    0x080015a4   0x00000058   Code   RO          324    i.DHT11_Check       dht11.o
    0x080015fc   0x0000001c   Code   RO          325    i.DHT11_IN          dht11.o
    0x08001618   0x00000020   Code   RO          326    i.DHT11_OUT         dht11.o
    0x08001638   0x00000058   Code   RO          327    i.DHT11_Read_Bit    dht11.o
    0x08001690   0x0000001a   Code   RO          328    i.DHT11_Read_Byte   dht11.o
    0x080016aa   0x00000002   PAD
    0x080016ac   0x00000060   Code   RO          329    i.DHT11_Read_Data   dht11.o
    0x0800170c   0x00000030   Code   RO          330    i.DHT11_Start       dht11.o
    0x0800173c   0x00000002   Code   RO          866    i.DebugMon_Handler  stm32f1xx_it.o
    0x0800173e   0x00000004   Code   RO          662    i.Error_Handler     main.o
    0x08001742   0x00000002   PAD
    0x08001744   0x0000003c   Code   RO         2267    i.FSMC_NORSRAM_Extended_Timing_Init  stm32f1xx_ll_fsmc.o
    0x08001780   0x00000068   Code   RO         2268    i.FSMC_NORSRAM_Init  stm32f1xx_ll_fsmc.o
    0x080017e8   0x00000044   Code   RO         2269    i.FSMC_NORSRAM_Timing_Init  stm32f1xx_ll_fsmc.o
    0x0800182c   0x00000002   Code   RO         1188    i.HAL_ADCEx_InjectedConvCpltCallback  stm32f1xx_hal_adc_ex.o
    0x0800182e   0x00000002   PAD
    0x08001830   0x000000fc   Code   RO         1012    i.HAL_ADC_ConfigChannel  stm32f1xx_hal_adc.o
    0x0800192c   0x00000002   Code   RO         1013    i.HAL_ADC_ConvCpltCallback  stm32f1xx_hal_adc.o
    0x0800192e   0x00000006   Code   RO         1019    i.HAL_ADC_GetValue  stm32f1xx_hal_adc.o
    0x08001934   0x000000dc   Code   RO         1020    i.HAL_ADC_IRQHandler  stm32f1xx_hal_adc.o
    0x08001a10   0x00000120   Code   RO         1021    i.HAL_ADC_Init      stm32f1xx_hal_adc.o
    0x08001b30   0x00000002   Code   RO         1022    i.HAL_ADC_LevelOutOfWindowCallback  stm32f1xx_hal_adc.o
    0x08001b32   0x00000002   PAD
    0x08001b34   0x00000098   Code   RO          727    i.HAL_ADC_MspInit   adc.o
    0x08001bcc   0x0000013c   Code   RO         1025    i.HAL_ADC_PollForConversion  stm32f1xx_hal_adc.o
    0x08001d08   0x000000c0   Code   RO         1027    i.HAL_ADC_Start     stm32f1xx_hal_adc.o
    0x08001dc8   0x00000024   Code   RO         1289    i.HAL_Delay         stm32f1xx_hal.o
    0x08001dec   0x00000080   Code   RO          774    i.HAL_FSMC_MspInit  fsmc.o
    0x08001e6c   0x000001f8   Code   RO         1599    i.HAL_GPIO_Init     stm32f1xx_hal_gpio.o
    0x08002064   0x0000000a   Code   RO         1601    i.HAL_GPIO_ReadPin  stm32f1xx_hal_gpio.o
    0x0800206e   0x0000000a   Code   RO         1603    i.HAL_GPIO_WritePin  stm32f1xx_hal_gpio.o
    0x08002078   0x0000000c   Code   RO         1293    i.HAL_GetTick       stm32f1xx_hal.o
    0x08002084   0x00000010   Code   RO         1299    i.HAL_IncTick       stm32f1xx_hal.o
    0x08002094   0x00000024   Code   RO         1300    i.HAL_Init          stm32f1xx_hal.o
    0x080020b8   0x00000040   Code   RO         1301    i.HAL_InitTick      stm32f1xx_hal.o
    0x080020f8   0x0000003c   Code   RO          946    i.HAL_MspInit       stm32f1xx_hal_msp.o
    0x08002134   0x0000001a   Code   RO         1759    i.HAL_NVIC_EnableIRQ  stm32f1xx_hal_cortex.o
    0x0800214e   0x00000002   PAD
    0x08002150   0x00000040   Code   RO         1765    i.HAL_NVIC_SetPriority  stm32f1xx_hal_cortex.o
    0x08002190   0x00000024   Code   RO         1766    i.HAL_NVIC_SetPriorityGrouping  stm32f1xx_hal_cortex.o
    0x080021b4   0x000000b8   Code   RO         1560    i.HAL_RCCEx_GetPeriphCLKFreq  stm32f1xx_hal_rcc_ex.o
    0x0800226c   0x000000ec   Code   RO         1561    i.HAL_RCCEx_PeriphCLKConfig  stm32f1xx_hal_rcc_ex.o
    0x08002358   0x0000012c   Code   RO         1457    i.HAL_RCC_ClockConfig  stm32f1xx_hal_rcc.o
    0x08002484   0x00000020   Code   RO         1465    i.HAL_RCC_GetPCLK2Freq  stm32f1xx_hal_rcc.o
    0x080024a4   0x0000004c   Code   RO         1466    i.HAL_RCC_GetSysClockFreq  stm32f1xx_hal_rcc.o
    0x080024f0   0x00000320   Code   RO         1469    i.HAL_RCC_OscConfig  stm32f1xx_hal_rcc.o
    0x08002810   0x00000064   Code   RO         2389    i.HAL_SRAM_Init     stm32f1xx_hal_sram.o
    0x08002874   0x00000004   Code   RO          776    i.HAL_SRAM_MspInit  fsmc.o
    0x08002878   0x00000028   Code   RO         1770    i.HAL_SYSTICK_Config  stm32f1xx_hal_cortex.o
    0x080028a0   0x0000007c   Code   RO         3245    i.HAL_TIMEx_MasterConfigSynchronization  stm32f1xx_hal_tim_ex.o
    0x0800291c   0x0000005a   Code   RO         2522    i.HAL_TIM_Base_Init  stm32f1xx_hal_tim.o
    0x08002976   0x00000002   PAD
    0x08002978   0x00000028   Code   RO          823    i.HAL_TIM_Base_MspInit  tim.o
    0x080029a0   0x00000064   Code   RO         2525    i.HAL_TIM_Base_Start  stm32f1xx_hal_tim.o
    0x08002a04   0x00000026   Code   RO         2528    i.HAL_TIM_Base_Stop  stm32f1xx_hal_tim.o
    0x08002a2a   0x000000dc   Code   RO         2531    i.HAL_TIM_ConfigClockSource  stm32f1xx_hal_tim.o
    0x08002b06   0x00000002   Code   RO          867    i.HardFault_Handler  stm32f1xx_it.o
    0x08002b08   0x00000024   Code   RO          447    i.Illumination_Get_Date  illumination.o
    0x08002b2c   0x000000a4   Code   RO          474    i.KEY_Scan          key.o
    0x08002bd0   0x00000030   Code   RO           14    i.LCD_Clear         lcd.o
    0x08002c00   0x000000b8   Code   RO           18    i.LCD_Display_Dir   lcd.o
    0x08002cb8   0x000000d0   Code   RO           23    i.LCD_Fast_DrawPoint  lcd.o
    0x08002d88   0x00000048   Code   RO           24    i.LCD_Fill          lcd.o
    0x08002dd0   0x000024b8   Code   RO           25    i.LCD_Init          lcd.o
    0x08005288   0x00000014   Code   RO           27    i.LCD_RD_DATA       lcd.o
    0x0800529c   0x0000004c   Code   RO           30    i.LCD_SSD_BackLightSet  lcd.o
    0x080052e8   0x00000180   Code   RO           31    i.LCD_Scan_Dir      lcd.o
    0x08005468   0x000000f4   Code   RO           32    i.LCD_SetCursor     lcd.o
    0x0800555c   0x000000d4   Code   RO           34    i.LCD_ShowChar      lcd.o
    0x08005630   0x00000054   Code   RO           36    i.LCD_ShowString    lcd.o
    0x08005684   0x00000018   Code   RO           38    i.LCD_WR_DATA       lcd.o
    0x0800569c   0x00000018   Code   RO           39    i.LCD_WR_REG        lcd.o
    0x080056b4   0x00000014   Code   RO           41    i.LCD_WriteRAM_Prepare  lcd.o
    0x080056c8   0x00000010   Code   RO           42    i.LCD_WriteReg      lcd.o
    0x080056d8   0x0000004c   Code   RO          728    i.MX_ADC1_Init      adc.o
    0x08005724   0x00000050   Code   RO          729    i.MX_ADC2_Init      adc.o
    0x08005774   0x00000094   Code   RO          777    i.MX_FSMC_Init      fsmc.o
    0x08005808   0x000000f8   Code   RO          702    i.MX_GPIO_Init      gpio.o
    0x08005900   0x00000068   Code   RO          824    i.MX_TIM3_Init      tim.o
    0x08005968   0x00000002   Code   RO          868    i.MemManage_Handler  stm32f1xx_it.o
    0x0800596a   0x00000002   Code   RO          869    i.NMI_Handler       stm32f1xx_it.o
    0x0800596c   0x00000002   Code   RO          870    i.PendSV_Handler    stm32f1xx_it.o
    0x0800596e   0x00000002   Code   RO          871    i.SVC_Handler       stm32f1xx_it.o
    0x08005970   0x00000028   Code   RO          411    i.Soil_Get_Data     soil_moisture.o
    0x08005998   0x00000004   Code   RO          872    i.SysTick_Handler   stm32f1xx_it.o
    0x0800599c   0x0000007a   Code   RO          663    i.SystemClock_Config  main.o
    0x08005a16   0x00000002   Code   RO         3494    i.SystemInit        system_stm32f1xx.o
    0x08005a18   0x0000008c   Code   RO         2615    i.TIM_Base_SetConfig  stm32f1xx_hal_tim.o
    0x08005aa4   0x00000014   Code   RO         2626    i.TIM_ETR_SetConfig  stm32f1xx_hal_tim.o
    0x08005ab8   0x00000010   Code   RO         2627    i.TIM_ITRx_SetConfig  stm32f1xx_hal_tim.o
    0x08005ac8   0x00000022   Code   RO         2633    i.TIM_TI1_ConfigInputStage  stm32f1xx_hal_tim.o
    0x08005aea   0x00000024   Code   RO         2635    i.TIM_TI2_ConfigInputStage  stm32f1xx_hal_tim.o
    0x08005b0e   0x00000002   Code   RO          873    i.UsageFault_Handler  stm32f1xx_it.o
    0x08005b10   0x00000028   Code   RO         3677    i.__ARM_fpclassify  m_ws.l(fpclassify.o)
    0x08005b38   0x00000020   Code   RO         1772    i.__NVIC_SetPriority  stm32f1xx_hal_cortex.o
    0x08005b58   0x0000000e   Code   RO         3554    i._is_digit         c_w.l(__printf_wp.o)
    0x08005b66   0x00000002   PAD
    0x08005b68   0x00000184   Code   RO          619    i.check_BEEP        start.o
    0x08005cec   0x00000028   Code   RO          331    i.delay_us          dht11.o
    0x08005d14   0x00000044   Code   RO          583    i.get_light         get_data.o
    0x08005d58   0x00000070   Code   RO          584    i.get_soil          get_data.o
    0x08005dc8   0x00000020   Code   RO          585    i.get_temp_humi     get_data.o
    0x08005de8   0x00000034   Code   RO          620    i.init              start.o
    0x08005e1c   0x00000026   Code   RO          664    i.main              main.o
    0x08005e42   0x00000002   PAD
    0x08005e44   0x0000015c   Code   RO          621    i.start             start.o
    0x08005fa0   0x00000024   Code   RO          502    i.update_data_status  update.o
    0x08005fc4   0x000000a8   Code   RO          503    i.update_data_threshold  update.o
    0x0800606c   0x00000036   Code   RO          504    i.update_status     update.o
    0x080060a2   0x0000009c   Code   RO          505    i.update_threshold  update.o
    0x0800613e   0x00000002   PAD
    0x08006140   0x000003a4   Code   RO          550    i.window_main_menu  window.o
    0x080064e4   0x000003a4   Code   RO          551    i.window_update_menu  window.o
    0x08006888   0x0000002c   Code   RO         3673    locale$$code        c_w.l(lc_numeric_c.o)
    0x080068b4   0x00000150   Code   RO         3574    x$fpl$dadd          fz_ws.l(daddsub_clz.o)
    0x08006a04   0x00000018   Code   RO         3614    x$fpl$dcmpinf       fz_ws.l(dcmpi.o)
    0x08006a1c   0x000002b0   Code   RO         3581    x$fpl$ddiv          fz_ws.l(ddiv.o)
    0x08006ccc   0x0000005a   Code   RO         3584    x$fpl$dfixu         fz_ws.l(dfixu.o)
    0x08006d26   0x00000026   Code   RO         3588    x$fpl$dfltu         fz_ws.l(dflt_clz.o)
    0x08006d4c   0x00000078   Code   RO         3594    x$fpl$dleqf         fz_ws.l(dleqf.o)
    0x08006dc4   0x00000154   Code   RO         3596    x$fpl$dmul          fz_ws.l(dmul.o)
    0x08006f18   0x0000009c   Code   RO         3616    x$fpl$dnaninf       fz_ws.l(dnaninf.o)
    0x08006fb4   0x0000000c   Code   RO         3618    x$fpl$dretinf       fz_ws.l(dretinf.o)
    0x08006fc0   0x0000006c   Code   RO         3598    x$fpl$drleqf        fz_ws.l(drleqf.o)
    0x0800702c   0x00000016   Code   RO         3575    x$fpl$drsb          fz_ws.l(daddsub_clz.o)
    0x08007042   0x00000002   PAD
    0x08007044   0x000001d4   Code   RO         3576    x$fpl$dsub          fz_ws.l(daddsub_clz.o)
    0x08007218   0x00000004   Code   RO         3600    x$fpl$printf1       fz_ws.l(printf1.o)
    0x0800721c   0x00000000   Code   RO         3620    x$fpl$usenofp       fz_ws.l(usenofp.o)
    0x0800721c   0x000017c0   Data   RO           46    .constdata          lcd.o
    0x080089dc   0x00000012   Data   RO         1470    .constdata          stm32f1xx_hal_rcc.o
    0x080089ee   0x00000012   Data   RO         1562    .constdata          stm32f1xx_hal_rcc_ex.o
    0x08008a00   0x00000010   Data   RO         3495    .constdata          system_stm32f1xx.o
    0x08008a10   0x00000008   Data   RO         3496    .constdata          system_stm32f1xx.o
    0x08008a18   0x00000094   Data   RO         3648    .constdata          c_w.l(bigflt0.o)
    0x08008aac   0x00000020   Data   RO         3818    Region$$Table       anon$$obj.o
    0x08008acc   0x0000001c   Data   RO         3672    locale$$data        c_w.l(lc_numeric_c.o)


    Execution Region RW_IRAM1 (Base: 0x20000000, Size: 0x000007c0, Max: 0x00010000, ABSOLUTE)

    Base Addr    Size         Type   Attr      Idx    E Section Name        Object

    0x20000000   0x00000008   Data   RW           48    .data               lcd.o
    0x20000008   0x00000001   Data   RW          475    .data               key.o
    0x20000009   0x00000003   PAD
    0x2000000c   0x00000018   Data   RW          623    .data               start.o
    0x20000024   0x00000008   Data   RW          779    .data               fsmc.o
    0x2000002c   0x0000000c   Data   RW         1307    .data               stm32f1xx_hal.o
    0x20000038   0x00000004   Data   RW         3497    .data               system_stm32f1xx.o
    0x2000003c   0x0000000e   Zero   RW           45    .bss                lcd.o
    0x2000004a   0x00000002   PAD
    0x2000004c   0x00000020   Zero   RW          622    .bss                start.o
    0x2000006c   0x00000060   Zero   RW          730    .bss                adc.o
    0x200000cc   0x00000048   Zero   RW          778    .bss                fsmc.o
    0x20000114   0x00000048   Zero   RW          825    .bss                tim.o
    0x2000015c   0x00000060   Zero   RW         3680    .bss                c_w.l(libspace.o)
    0x200001bc   0x00000004   PAD
    0x200001c0   0x00000200   Zero   RW            2    HEAP                startup_stm32f103xe.o
    0x200003c0   0x00000400   Zero   RW            1    STACK               startup_stm32f103xe.o


==============================================================================

Image component sizes


      Code (inc. data)   RO Data    RW Data    ZI Data      Debug   Object Name

       308         36          0          0         96       2298   adc.o
       446         26          0          0          0       4819   dht11.o
       280         36          0          8         72       2215   fsmc.o
       212         40          0          0          0       2079   get_data.o
       248         22          0          0          0       1039   gpio.o
        36          6          0          0          0        520   illumination.o
       164         12          0          1          0        675   key.o
     11016        118       6080          8         14     529656   lcd.o
       164          0          0          0          0       1952   main.o
        40          4          0          0          0        532   soil_moisture.o
       788         34          0         24         32       2434   start.o
        64         26        304          0       1536        812   startup_stm32f103xe.o
       164         28          0         12          0       6517   stm32f1xx_hal.o
      1488         58          0          0          0       8483   stm32f1xx_hal_adc.o
         2          0          0          0          0       1061   stm32f1xx_hal_adc_ex.o
       198         14          0          0          0      28947   stm32f1xx_hal_cortex.o
       524         42          0          0          0       3535   stm32f1xx_hal_gpio.o
        60          8          0          0          0        874   stm32f1xx_hal_msp.o
      1208         72         18          0          0       4553   stm32f1xx_hal_rcc.o
       420         30         18          0          0       2521   stm32f1xx_hal_rcc_ex.o
       100          0          0          0          0       1216   stm32f1xx_hal_sram.o
       694         42          0          0          0       7328   stm32f1xx_hal_tim.o
       124         20          0          0          0       1360   stm32f1xx_hal_tim_ex.o
        48         10          0          0          0       4358   stm32f1xx_it.o
       232         14          0          0          0       3859   stm32f1xx_ll_fsmc.o
         2          0         24          4          0       1119   system_stm32f1xx.o
       144         18          0          0         72       1630   tim.o
       414         12          0          0          0       3848   update.o
      1864        920          0          0          0       2032   window.o

    ----------------------------------------------------------------------
     21472       1648       6476         60       1824     632272   Object Totals
         0          0         32          0          0          0   (incl. Generated)
        20          0          0          3          2          0   (incl. Padding)

    ----------------------------------------------------------------------

      Code (inc. data)   RO Data    RW Data    ZI Data      Debug   Library Member Name

         8          0          0          0          0         68   __main.o
       352          0          0          0          0         88   __printf_ss_wp.o
        14          0          0          0          0         68   __printf_wp.o
         0          0          0          0          0          0   __rtentry.o
        12          0          0          0          0          0   __rtentry2.o
         6          0          0          0          0          0   __rtentry4.o
        52          8          0          0          0          0   __scatter.o
        26          0          0          0          0          0   __scatter_copy.o
        28          0          0          0          0          0   __scatter_zi.o
        44          0          0          0          0        108   _printf_char.o
        48          6          0          0          0         96   _printf_char_common.o
         6          0          0          0          0          0   _printf_d.o
       120         16          0          0          0         92   _printf_dec.o
         6          0          0          0          0          0   _printf_f.o
      1050          0          0          0          0        216   _printf_fp_dec.o
       128         16          0          0          0         84   _printf_fp_infnan.o
       178          0          0          0          0         88   _printf_intcommon.o
        78          0          0          0          0        108   _printf_pad.o
         0          0          0          0          0          0   _printf_percent.o
         4          0          0          0          0          0   _printf_percent_end.o
         6          0          0          0          0          0   _printf_s.o
        82          0          0          0          0         80   _printf_str.o
        10          0          0          0          0         68   _sputc.o
       220          4        148          0          0         96   bigflt0.o
      1910        128          0          0          0        672   btod.o
        18          0          0          0          0         80   exit.o
         6          0          0          0          0        152   heapauxi.o
         0          0          0          0          0          0   indicate_semi.o
        44         10         28          0          0         76   lc_numeric_c.o
         2          0          0          0          0          0   libinit.o
        18          0          0          0          0          0   libinit2.o
         2          0          0          0          0          0   libshutdown.o
         2          0          0          0          0          0   libshutdown2.o
         8          4          0          0         96         68   libspace.o
       138          0          0          0          0         80   lludiv10.o
        40          6          0          0          0         84   noretval__2sprintf.o
         8          4          0          0          0         68   rt_locale_intlibspace.o
        78          0          0          0          0         80   rt_memclr_w.o
         2          0          0          0          0          0   rtexit.o
        10          0          0          0          0          0   rtexit2.o
       128          0          0          0          0         68   strcmpv7m.o
        12          4          0          0          0         68   sys_exit.o
        74          0          0          0          0         80   sys_stackheap_outer.o
         2          0          0          0          0         68   use_no_semi.o
       826         16          0          0          0        348   daddsub_clz.o
        24          0          0          0          0         68   dcmpi.o
       688        140          0          0          0        208   ddiv.o
        90          4          0          0          0         92   dfixu.o
        38          0          0          0          0         68   dflt_clz.o
       120          4          0          0          0         92   dleqf.o
       340         12          0          0          0        104   dmul.o
       156          4          0          0          0         92   dnaninf.o
        12          0          0          0          0         68   dretinf.o
       108          0          0          0          0         80   drleqf.o
         4          0          0          0          0         68   printf1.o
         0          0          0          0          0          0   usenofp.o
        40          0          0          0          0         68   fpclassify.o

    ----------------------------------------------------------------------
      7436        386        176          0        100       4260   Library Totals
        10          0          0          0          4          0   (incl. Padding)

    ----------------------------------------------------------------------

      Code (inc. data)   RO Data    RW Data    ZI Data      Debug   Library Name

      4980        206        176          0         96       2904   c_w.l
      2406        180          0          0          0       1288   fz_ws.l
        40          0          0          0          0         68   m_ws.l

    ----------------------------------------------------------------------
      7436        386        176          0        100       4260   Library Totals

    ----------------------------------------------------------------------

==============================================================================


      Code (inc. data)   RO Data    RW Data    ZI Data      Debug   

     28908       2034       6652         60       1924     629092   Grand Totals
     28908       2034       6652         60       1924     629092   ELF Image Totals
     28908       2034       6652         60          0          0   ROM Totals

==============================================================================

    Total RO  Size (Code + RO Data)                35560 (  34.73kB)
    Total RW  Size (RW Data + ZI Data)              1984 (   1.94kB)
    Total ROM Size (Code + RO Data + RW Data)      35620 (  34.79kB)

==============================================================================

